******************************************************************************
             TMS320C2000 Linker PC v22.6.0                     
******************************************************************************
>> Linked Sat Jun 10 10:14:13 2023

OUTPUT FILE NAME:   <DSP28335_project.out>
ENTRY POINT SYMBOL: "_c_int00"  address: 0000a082


MEMORY CONFIGURATION

         name            origin    length      used     unused   attr    fill
----------------------  --------  ---------  --------  --------  ----  --------
PAGE 0:
  BEGIN                 00000000   00000002  00000002  00000000  RWIX
  BOOT_RSVD             00000002   0000004e  00000000  0000004e  RWIX
  RAMM0                 00000050   000003b0  00000000  000003b0  RWIX
  RAML0                 00008000   00001000  00000090  00000f70  RWIX
  RAML1                 00009000   00002000  000012bd  00000d43  RWIX
  RAML2                 0000b000   00001000  00000000  00001000  RWIX
  RAML3                 0000c000   00001000  00000000  00001000  RWIX
  ZONE6A                00100000   0000fc00  00000000  0000fc00  RWIX
  CSM_RSVD              0033ff80   00000076  00000000  00000076  RWIX
  CSM_PWL               0033fff8   00000008  00000000  00000008  RWIX
  ADC_CAL               00380080   00000009  00000007  00000002  RWIX
  IQTABLES              003fe000   00000b50  00000000  00000b50  RWIX
  IQTABLES2             003feb50   0000008c  00000000  0000008c  RWIX
  FPUTABLES             003febdc   000006a0  00000000  000006a0  RWIX
  BOOTROM               003ff27c   00000d44  00000000  00000d44  RWIX
  RESET                 003fffc0   00000002  00000000  00000002  RWIX

PAGE 1:
  RAMM1                 00000400   00000400  00000300  00000100  RWIX
  DEV_EMU               00000880   00000180  000000d0  000000b0  RWIX
  FLASH_REGS            00000a80   00000060  00000008  00000058  RWIX
  CSM                   00000ae0   00000010  00000010  00000000  RWIX
  ADC_MIRROR            00000b00   00000010  00000010  00000000  RWIX
  XINTF                 00000b20   00000020  0000001e  00000002  RWIX
  CPU_TIMER0            00000c00   00000008  00000008  00000000  RWIX
  CPU_TIMER1            00000c08   00000008  00000008  00000000  RWIX
  CPU_TIMER2            00000c10   00000008  00000008  00000000  RWIX
  PIE_CTRL              00000ce0   00000020  0000001a  00000006  RWIX
  PIE_VECT              00000d00   00000100  00000100  00000000  RWIX
  DMA                   00001000   00000200  000000e0  00000120  RWIX
  MCBSPA                00005000   00000040  00000025  0000001b  RWIX
  MCBSPB                00005040   00000040  00000025  0000001b  RWIX
  ECANA                 00006000   00000040  00000034  0000000c  RWIX
  ECANA_LAM             00006040   00000040  00000040  00000000  RWIX
  ECANA_MOTS            00006080   00000040  00000040  00000000  RWIX
  ECANA_MOTO            000060c0   00000040  00000040  00000000  RWIX
  ECANA_MBOX            00006100   00000100  00000100  00000000  RWIX
  ECANB                 00006200   00000040  00000034  0000000c  RWIX
  ECANB_LAM             00006240   00000040  00000040  00000000  RWIX
  ECANB_MOTS            00006280   00000040  00000040  00000000  RWIX
  ECANB_MOTO            000062c0   00000040  00000040  00000000  RWIX
  ECANB_MBOX            00006300   00000100  00000100  00000000  RWIX
  EPWM1                 00006800   00000022  00000022  00000000  RWIX
  EPWM2                 00006840   00000022  00000022  00000000  RWIX
  EPWM3                 00006880   00000022  00000022  00000000  RWIX
  EPWM4                 000068c0   00000022  00000022  00000000  RWIX
  EPWM5                 00006900   00000022  00000022  00000000  RWIX
  EPWM6                 00006940   00000022  00000022  00000000  RWIX
  ECAP1                 00006a00   00000020  00000020  00000000  RWIX
  ECAP2                 00006a20   00000020  00000020  00000000  RWIX
  ECAP3                 00006a40   00000020  00000020  00000000  RWIX
  ECAP4                 00006a60   00000020  00000020  00000000  RWIX
  ECAP5                 00006a80   00000020  00000020  00000000  RWIX
  ECAP6                 00006aa0   00000020  00000020  00000000  RWIX
  EQEP1                 00006b00   00000040  00000040  00000000  RWIX
  EQEP2                 00006b40   00000040  00000040  00000000  RWIX
  GPIOCTRL              00006f80   00000040  0000002e  00000012  RWIX
  GPIODAT               00006fc0   00000020  00000020  00000000  RWIX
  GPIOINT               00006fe0   00000020  0000000a  00000016  RWIX
  SYSTEM                00007010   00000020  00000020  00000000  RWIX
  SPIA                  00007040   00000010  00000010  00000000  RWIX
  SCIA                  00007050   00000010  00000010  00000000  RWIX
  XINTRUPT              00007070   00000010  00000010  00000000  RWIX
  ADC                   00007100   00000020  0000001e  00000002  RWIX
  SCIB                  00007750   00000010  00000010  00000000  RWIX
  SCIC                  00007770   00000010  00000010  00000000  RWIX
  I2CA                  00007900   00000040  00000022  0000001e  RWIX
  RAML4                 0000c000   00001000  000000e5  00000f1b  RWIX
  RAML5                 0000d000   00001000  00000100  00000f00  RWIX
  RAML6                 0000e000   00001000  00000000  00001000  RWIX
  RAML7                 0000f000   00001000  00000000  00001000  RWIX
  ZONE7B                0020fc00   00000400  00000000  00000400  RWIX
  CSM_PWL               0033fff8   00000008  00000008  00000000  RWIX


SECTION ALLOCATION MAP

 output                                  attributes/
section   page    origin      length       input sections
--------  ----  ----------  ----------   ----------------
codestart 
*          0    00000000    00000002     
                  00000000    00000002     DSP2833x_CodeStartBranch.obj (codestart)

.cinit     0    00008000    0000008c     
                  00008000    0000006e     main.obj (.cinit)
                  0000806e    0000000e     rts2800_fpu32.lib : exit.c.obj (.cinit)
                  0000807c    00000005                       : _lock.c.obj (.cinit:__lock)
                  00008081    00000005                       : _lock.c.obj (.cinit:__unlock)
                  00008086    00000004                       : errno.c.obj (.cinit)
                  0000808a    00000002     --HOLE-- [fill = 0]

ramfuncs   0    0000808c    00000004     
                  0000808c    00000004     DSP2833x_usDelay.obj (ramfuncs)

.text      0    00009000    000012bd     
                  00009000    00000450     main.obj (.text:retain)
                  00009450    00000357     main.obj (.text)
                  000097a7    00000323     DSP2833x_DefaultIsr.obj (.text:retain)
                  00009aca    00000155     epwm.obj (.text)
                  00009c1f    000000f7     DSP2833x_SysCtrl.obj (.text)
                  00009d16    000000cf     SPLL_3PH_SRF_F.obj (.text)
                  00009de5    000000aa     DSP2833x_EPwm.obj (.text)
                  00009e8f    000000a2     ABC_DQ0_POS_F.obj (.text)
                  00009f31    00000088     rts2800_fpu32.lib : fs_div28.asm.obj (.text)
                  00009fb9    00000066                       : s_sinf.c.obj (.text)
                  0000a01f    00000063                       : s_cosf.c.obj (.text)
                  0000a082    00000056                       : boot28.asm.obj (.text)
                  0000a0d8    00000054     CNTL_3P3Z_F_ASM.obj (.text)
                  0000a12c    00000048     adc.obj (.text)
                  0000a174    00000044     CNTL_2P2Z_F_ASM.obj (.text)
                  0000a1b8    00000029     rts2800_fpu32.lib : exit.c.obj (.text)
                  0000a1e1    00000028     DSP2833x_PieCtrl.obj (.text)
                  0000a209    00000024     rts2800_fpu32.lib : cpy_tbl.c.obj (.text)
                  0000a22d    00000020     DSP2833x_PieVect.obj (.text)
                  0000a24d    0000001d     rts2800_fpu32.lib : memcpy.c.obj (.text)
                  0000a26a    00000019     DSP2833x_Gpio.obj (.text)
                  0000a283    00000014     DSP2833x_Adc.obj (.text)
                  0000a297    00000012     rts2800_fpu32.lib : args_main.c.obj (.text)
                  0000a2a9    00000009                       : _lock.c.obj (.text)
                  0000a2b2    00000008     DSP2833x_CodeStartBranch.obj (.text)
                  0000a2ba    00000002     rts2800_fpu32.lib : pre_init.c.obj (.text)
                  0000a2bc    00000001                       : startup.c.obj (.text)

.pinit     0    00008000    00000000     UNINITIALIZED

.stack     1    00000400    00000300     UNINITIALIZED
                  00000400    00000300     --HOLE--

DevEmuRegsFile 
*          1    00000880    000000d0     UNINITIALIZED
                  00000880    000000d0     DSP2833x_GlobalVariableDefs.obj (DevEmuRegsFile)

FlashRegsFile 
*          1    00000a80    00000008     UNINITIALIZED
                  00000a80    00000008     DSP2833x_GlobalVariableDefs.obj (FlashRegsFile)

CsmRegsFile 
*          1    00000ae0    00000010     UNINITIALIZED
                  00000ae0    00000010     DSP2833x_GlobalVariableDefs.obj (CsmRegsFile)

AdcMirrorFile 
*          1    00000b00    00000010     UNINITIALIZED
                  00000b00    00000010     DSP2833x_GlobalVariableDefs.obj (AdcMirrorFile)

XintfRegsFile 
*          1    00000b20    0000001e     UNINITIALIZED
                  00000b20    0000001e     DSP2833x_GlobalVariableDefs.obj (XintfRegsFile)

CpuTimer0RegsFile 
*          1    00000c00    00000008     UNINITIALIZED
                  00000c00    00000008     DSP2833x_GlobalVariableDefs.obj (CpuTimer0RegsFile)

CpuTimer1RegsFile 
*          1    00000c08    00000008     UNINITIALIZED
                  00000c08    00000008     DSP2833x_GlobalVariableDefs.obj (CpuTimer1RegsFile)

CpuTimer2RegsFile 
*          1    00000c10    00000008     UNINITIALIZED
                  00000c10    00000008     DSP2833x_GlobalVariableDefs.obj (CpuTimer2RegsFile)

PieCtrlRegsFile 
*          1    00000ce0    0000001a     UNINITIALIZED
                  00000ce0    0000001a     DSP2833x_GlobalVariableDefs.obj (PieCtrlRegsFile)

ECanaMOTSRegsFile 
*          1    00006080    00000040     UNINITIALIZED
                  00006080    00000040     DSP2833x_GlobalVariableDefs.obj (ECanaMOTSRegsFile)

ECanaMOTORegsFile 
*          1    000060c0    00000040     UNINITIALIZED
                  000060c0    00000040     DSP2833x_GlobalVariableDefs.obj (ECanaMOTORegsFile)

ECanbMOTSRegsFile 
*          1    00006280    00000040     UNINITIALIZED
                  00006280    00000040     DSP2833x_GlobalVariableDefs.obj (ECanbMOTSRegsFile)

ECanbMOTORegsFile 
*          1    000062c0    00000040     UNINITIALIZED
                  000062c0    00000040     DSP2833x_GlobalVariableDefs.obj (ECanbMOTORegsFile)

.ebss      1    0000c000    000000e5     UNINITIALIZED
                  0000c000    000000b6     main.obj (.ebss)
                  0000c0b6    00000006     rts2800_fpu32.lib : exit.c.obj (.ebss)
                  0000c0bc    00000002                       : _lock.c.obj (.ebss:__lock)
                  0000c0be    00000002                       : _lock.c.obj (.ebss:__unlock)
                  0000c0c0    00000018     DSP2833x_CpuTimers.obj (.ebss)
                  0000c0d8    0000000c     main.obj (.ebss:_SampleTable)
                  0000c0e4    00000001     rts2800_fpu32.lib : errno.c.obj (.ebss)

.econst    1    0000d000    00000100     
                  0000d000    00000100     DSP2833x_PieVect.obj (.econst:_PieVectTableInit)

.reset     0    003fffc0    00000002     DSECT
                  003fffc0    00000002     rts2800_fpu32.lib : boot28.asm.obj (.reset)

csm_rsvd   0    0033ff80    00000000     DSECT

csmpasswds 
*          0    0033fff8    00000000     DSECT

.adc_cal   0    00380080    00000007     NOLOAD SECTION
                  00380080    00000007     DSP2833x_ADC_cal.obj (.adc_cal)

PieVectTableFile 
*          1    00000d00    00000100     UNINITIALIZED
                  00000d00    00000100     DSP2833x_GlobalVariableDefs.obj (PieVectTableFile)

DmaRegsFile 
*          1    00001000    000000e0     UNINITIALIZED
                  00001000    000000e0     DSP2833x_GlobalVariableDefs.obj (DmaRegsFile)

McbspaRegsFile 
*          1    00005000    00000025     UNINITIALIZED
                  00005000    00000025     DSP2833x_GlobalVariableDefs.obj (McbspaRegsFile)

McbspbRegsFile 
*          1    00005040    00000025     UNINITIALIZED
                  00005040    00000025     DSP2833x_GlobalVariableDefs.obj (McbspbRegsFile)

ECanaRegsFile 
*          1    00006000    00000034     UNINITIALIZED
                  00006000    00000034     DSP2833x_GlobalVariableDefs.obj (ECanaRegsFile)

ECanaLAMRegsFile 
*          1    00006040    00000040     UNINITIALIZED
                  00006040    00000040     DSP2833x_GlobalVariableDefs.obj (ECanaLAMRegsFile)

ECanaMboxesFile 
*          1    00006100    00000100     UNINITIALIZED
                  00006100    00000100     DSP2833x_GlobalVariableDefs.obj (ECanaMboxesFile)

ECanbRegsFile 
*          1    00006200    00000034     UNINITIALIZED
                  00006200    00000034     DSP2833x_GlobalVariableDefs.obj (ECanbRegsFile)

ECanbLAMRegsFile 
*          1    00006240    00000040     UNINITIALIZED
                  00006240    00000040     DSP2833x_GlobalVariableDefs.obj (ECanbLAMRegsFile)

ECanbMboxesFile 
*          1    00006300    00000100     UNINITIALIZED
                  00006300    00000100     DSP2833x_GlobalVariableDefs.obj (ECanbMboxesFile)

EPwm1RegsFile 
*          1    00006800    00000022     UNINITIALIZED
                  00006800    00000022     DSP2833x_GlobalVariableDefs.obj (EPwm1RegsFile)

EPwm2RegsFile 
*          1    00006840    00000022     UNINITIALIZED
                  00006840    00000022     DSP2833x_GlobalVariableDefs.obj (EPwm2RegsFile)

EPwm3RegsFile 
*          1    00006880    00000022     UNINITIALIZED
                  00006880    00000022     DSP2833x_GlobalVariableDefs.obj (EPwm3RegsFile)

EPwm4RegsFile 
*          1    000068c0    00000022     UNINITIALIZED
                  000068c0    00000022     DSP2833x_GlobalVariableDefs.obj (EPwm4RegsFile)

EPwm5RegsFile 
*          1    00006900    00000022     UNINITIALIZED
                  00006900    00000022     DSP2833x_GlobalVariableDefs.obj (EPwm5RegsFile)

EPwm6RegsFile 
*          1    00006940    00000022     UNINITIALIZED
                  00006940    00000022     DSP2833x_GlobalVariableDefs.obj (EPwm6RegsFile)

ECap1RegsFile 
*          1    00006a00    00000020     UNINITIALIZED
                  00006a00    00000020     DSP2833x_GlobalVariableDefs.obj (ECap1RegsFile)

ECap2RegsFile 
*          1    00006a20    00000020     UNINITIALIZED
                  00006a20    00000020     DSP2833x_GlobalVariableDefs.obj (ECap2RegsFile)

ECap3RegsFile 
*          1    00006a40    00000020     UNINITIALIZED
                  00006a40    00000020     DSP2833x_GlobalVariableDefs.obj (ECap3RegsFile)

ECap4RegsFile 
*          1    00006a60    00000020     UNINITIALIZED
                  00006a60    00000020     DSP2833x_GlobalVariableDefs.obj (ECap4RegsFile)

ECap5RegsFile 
*          1    00006a80    00000020     UNINITIALIZED
                  00006a80    00000020     DSP2833x_GlobalVariableDefs.obj (ECap5RegsFile)

ECap6RegsFile 
*          1    00006aa0    00000020     UNINITIALIZED
                  00006aa0    00000020     DSP2833x_GlobalVariableDefs.obj (ECap6RegsFile)

EQep1RegsFile 
*          1    00006b00    00000040     UNINITIALIZED
                  00006b00    00000040     DSP2833x_GlobalVariableDefs.obj (EQep1RegsFile)

EQep2RegsFile 
*          1    00006b40    00000040     UNINITIALIZED
                  00006b40    00000040     DSP2833x_GlobalVariableDefs.obj (EQep2RegsFile)

GpioCtrlRegsFile 
*          1    00006f80    0000002e     UNINITIALIZED
                  00006f80    0000002e     DSP2833x_GlobalVariableDefs.obj (GpioCtrlRegsFile)

GpioDataRegsFile 
*          1    00006fc0    00000020     UNINITIALIZED
                  00006fc0    00000020     DSP2833x_GlobalVariableDefs.obj (GpioDataRegsFile)

GpioIntRegsFile 
*          1    00006fe0    0000000a     UNINITIALIZED
                  00006fe0    0000000a     DSP2833x_GlobalVariableDefs.obj (GpioIntRegsFile)

SysCtrlRegsFile 
*          1    00007010    00000020     UNINITIALIZED
                  00007010    00000020     DSP2833x_GlobalVariableDefs.obj (SysCtrlRegsFile)

SpiaRegsFile 
*          1    00007040    00000010     UNINITIALIZED
                  00007040    00000010     DSP2833x_GlobalVariableDefs.obj (SpiaRegsFile)

SciaRegsFile 
*          1    00007050    00000010     UNINITIALIZED
                  00007050    00000010     DSP2833x_GlobalVariableDefs.obj (SciaRegsFile)

XIntruptRegsFile 
*          1    00007070    00000010     UNINITIALIZED
                  00007070    00000010     DSP2833x_GlobalVariableDefs.obj (XIntruptRegsFile)

AdcRegsFile 
*          1    00007100    0000001e     UNINITIALIZED
                  00007100    0000001e     DSP2833x_GlobalVariableDefs.obj (AdcRegsFile)

ScibRegsFile 
*          1    00007750    00000010     UNINITIALIZED
                  00007750    00000010     DSP2833x_GlobalVariableDefs.obj (ScibRegsFile)

ScicRegsFile 
*          1    00007770    00000010     UNINITIALIZED
                  00007770    00000010     DSP2833x_GlobalVariableDefs.obj (ScicRegsFile)

I2caRegsFile 
*          1    00007900    00000022     UNINITIALIZED
                  00007900    00000022     DSP2833x_GlobalVariableDefs.obj (I2caRegsFile)

CsmPwlFile 
*          1    0033fff8    00000008     UNINITIALIZED
                  0033fff8    00000008     DSP2833x_GlobalVariableDefs.obj (CsmPwlFile)

MODULE SUMMARY

       Module                            code   initialized data   uninitialized data
       ------                            ----   ----------------   ------------------
    .\APP\adc\
       adc.obj                           72     0                  0                 
    +--+---------------------------------+------+------------------+--------------------+
       Total:                            72     0                  0                 
                                                                                     
    .\APP\epwm\
       epwm.obj                          341    0                  0                 
    +--+---------------------------------+------+------------------+--------------------+
       Total:                            341    0                  0                 
                                                                                     
    .\User\
       main.obj                          1959   110                194               
    +--+---------------------------------+------+------------------+--------------------+
       Total:                            1959   110                194               
                                                                                     
    .\float\source\
       SPLL_3PH_SRF_F.obj                207    0                  0                 
       ABC_DQ0_POS_F.obj                 162    0                  0                 
       CNTL_3P3Z_F_ASM.obj               84     0                  0                 
       CNTL_2P2Z_F_ASM.obj               68     0                  0                 
    +--+---------------------------------+------+------------------+--------------------+
       Total:                            521    0                  0                 
                                                                                     
    .\libraies\
       DSP2833x_GlobalVariableDefs.obj   0      0                  2678              
       DSP2833x_DefaultIsr.obj           803    0                  0                 
       DSP2833x_PieVect.obj              32     256                0                 
       DSP2833x_SysCtrl.obj              247    0                  0                 
       DSP2833x_EPwm.obj                 170    0                  0                 
       DSP2833x_PieCtrl.obj              40     0                  0                 
       DSP2833x_Gpio.obj                 25     0                  0                 
       DSP2833x_CpuTimers.obj            0      0                  24                
       DSP2833x_Adc.obj                  20     0                  0                 
       DSP2833x_CodeStartBranch.obj      10     0                  0                 
       DSP2833x_ADC_cal.obj              7      0                  0                 
       DSP2833x_usDelay.obj              4      0                  0                 
    +--+---------------------------------+------+------------------+--------------------+
       Total:                            1358   256                2702              
                                                                                     
    C:\Application\CCS\ccs\tools\compiler\ti-cgt-c2000_22.6.0.LTS\lib\rts2800_fpu32.lib
       fs_div28.asm.obj                  136    0                  0                 
       s_sinf.c.obj                      102    0                  0                 
       s_cosf.c.obj                      99     0                  0                 
       boot28.asm.obj                    86     0                  0                 
       exit.c.obj                        41     14                 6                 
       cpy_tbl.c.obj                     36     0                  0                 
       memcpy.c.obj                      29     0                  0                 
       _lock.c.obj                       9      10                 4                 
       args_main.c.obj                   18     0                  0                 
       errno.c.obj                       0      4                  1                 
       pre_init.c.obj                    2      0                  0                 
       startup.c.obj                     1      0                  0                 
    +--+---------------------------------+------+------------------+--------------------+
       Total:                            559    28                 11                
                                                                                     
       Stack:                            0      0                  768               
    +--+---------------------------------+------+------------------+--------------------+
       Grand Total:                      4810   394                3675              


GLOBAL DATA SYMBOLS: SORTED BY DATA PAGE

address     data page           name
--------    ----------------    ----
00000400      10 (00000400)     __stack

00000880      22 (00000880)     _DevEmuRegs

00000a80      2a (00000a80)     _FlashRegs

00000ae0      2b (00000ac0)     _CsmRegs

00000b00      2c (00000b00)     _AdcMirror
00000b20      2c (00000b00)     _XintfRegs

00000c00      30 (00000c00)     _CpuTimer0Regs
00000c08      30 (00000c00)     _CpuTimer1Regs
00000c10      30 (00000c00)     _CpuTimer2Regs

00000ce0      33 (00000cc0)     _PieCtrlRegs

00000d00      34 (00000d00)     _PieVectTable

00001000      40 (00001000)     _DmaRegs

00005000     140 (00005000)     _McbspaRegs

00005040     141 (00005040)     _McbspbRegs

00006000     180 (00006000)     _ECanaRegs

00006040     181 (00006040)     _ECanaLAMRegs

00006080     182 (00006080)     _ECanaMOTSRegs

000060c0     183 (000060c0)     _ECanaMOTORegs

00006100     184 (00006100)     _ECanaMboxes

00006200     188 (00006200)     _ECanbRegs

00006240     189 (00006240)     _ECanbLAMRegs

00006280     18a (00006280)     _ECanbMOTSRegs

000062c0     18b (000062c0)     _ECanbMOTORegs

00006300     18c (00006300)     _ECanbMboxes

00006800     1a0 (00006800)     _EPwm1Regs

00006840     1a1 (00006840)     _EPwm2Regs

00006880     1a2 (00006880)     _EPwm3Regs

000068c0     1a3 (000068c0)     _EPwm4Regs

00006900     1a4 (00006900)     _EPwm5Regs

00006940     1a5 (00006940)     _EPwm6Regs

00006a00     1a8 (00006a00)     _ECap1Regs
00006a20     1a8 (00006a00)     _ECap2Regs

00006a40     1a9 (00006a40)     _ECap3Regs
00006a60     1a9 (00006a40)     _ECap4Regs

00006a80     1aa (00006a80)     _ECap5Regs
00006aa0     1aa (00006a80)     _ECap6Regs

00006b00     1ac (00006b00)     _EQep1Regs

00006b40     1ad (00006b40)     _EQep2Regs

00006f80     1be (00006f80)     _GpioCtrlRegs

00006fc0     1bf (00006fc0)     _GpioDataRegs
00006fe0     1bf (00006fc0)     _GpioIntRegs

00007010     1c0 (00007000)     _SysCtrlRegs

00007040     1c1 (00007040)     _SpiaRegs
00007050     1c1 (00007040)     _SciaRegs
00007070     1c1 (00007040)     _XIntruptRegs

00007100     1c4 (00007100)     _AdcRegs

00007750     1dd (00007740)     _ScibRegs
00007770     1dd (00007740)     _ScicRegs

00007900     1e4 (00007900)     _I2caRegs

0000c000     300 (0000c000)     _ma
0000c001     300 (0000c000)     _mb
0000c002     300 (0000c000)     _mc
0000c003     300 (0000c000)     _sector_tmp
0000c004     300 (0000c000)     _sector
0000c006     300 (0000c000)     _u1
0000c008     300 (0000c000)     _u2
0000c00a     300 (0000c000)     _u3
0000c00c     300 (0000c000)     _t0
0000c00e     300 (0000c000)     _t1
0000c010     300 (0000c000)     _t2
0000c012     300 (0000c000)     _t3
0000c014     300 (0000c000)     _t4
0000c016     300 (0000c000)     _t5
0000c018     300 (0000c000)     _t6
0000c01a     300 (0000c000)     _ta
0000c01c     300 (0000c000)     _tb
0000c01e     300 (0000c000)     _tc
0000c020     300 (0000c000)     _duty_a
0000c022     300 (0000c000)     _duty_b
0000c024     300 (0000c000)     _duty_c
0000c026     300 (0000c000)     _ua
0000c028     300 (0000c000)     _ub
0000c02a     300 (0000c000)     _uc
0000c02c     300 (0000c000)     _ia
0000c02e     300 (0000c000)     _ib
0000c030     300 (0000c000)     _ic
0000c032     300 (0000c000)     _ila
0000c034     300 (0000c000)     _ilb
0000c036     300 (0000c000)     _ilc
0000c038     300 (0000c000)     _the
0000c03a     300 (0000c000)     _ud
0000c03c     300 (0000c000)     _uq
0000c03e     300 (0000c000)     _id

0000c040     301 (0000c040)     _iq
0000c042     301 (0000c040)     _ild
0000c044     301 (0000c040)     _ilq
0000c046     301 (0000c040)     _ud_ref
0000c048     301 (0000c040)     _uq_ref
0000c04a     301 (0000c040)     _ua_ref
0000c04c     301 (0000c040)     _ub_ref
0000c04e     301 (0000c040)     _uc_ref
0000c050     301 (0000c040)     _w
0000c052     301 (0000c040)     _l
0000c054     301 (0000c040)     _c
0000c056     301 (0000c040)     _kp1
0000c058     301 (0000c040)     _ki1
0000c05a     301 (0000c040)     _kp2
0000c05c     301 (0000c040)     _ki2
0000c05e     301 (0000c040)     _error_ud
0000c060     301 (0000c040)     _error_uq
0000c062     301 (0000c040)     _error_id
0000c064     301 (0000c040)     _error_iq
0000c066     301 (0000c040)     _error_ud_pre
0000c068     301 (0000c040)     _error_uq_pre
0000c06a     301 (0000c040)     _error_id_pre
0000c06c     301 (0000c040)     _error_iq_pre
0000c06e     301 (0000c040)     _integral_ud
0000c070     301 (0000c040)     _integral_uq
0000c072     301 (0000c040)     _integral_id
0000c074     301 (0000c040)     _integral_iq
0000c076     301 (0000c040)     _ud_out
0000c078     301 (0000c040)     _uq_out
0000c07a     301 (0000c040)     _id_out
0000c07c     301 (0000c040)     _iq_out
0000c07e     301 (0000c040)     _ild_ref

0000c080     302 (0000c080)     _ilq_ref
0000c082     302 (0000c080)     _u_d
0000c084     302 (0000c080)     _u_q
0000c086     302 (0000c080)     _u_alpha
0000c088     302 (0000c080)     _u_beta
0000c08a     302 (0000c080)     _abc_dq0_pos1
0000c09e     302 (0000c080)     _spll1
0000c0b6     302 (0000c080)     ___TI_enable_exit_profile_output
0000c0b8     302 (0000c080)     ___TI_cleanup_ptr
0000c0ba     302 (0000c080)     ___TI_dtors_ptr
0000c0bc     302 (0000c080)     __lock
0000c0be     302 (0000c080)     __unlock

0000c0c0     303 (0000c0c0)     _CpuTimer0
0000c0c8     303 (0000c0c0)     _CpuTimer1
0000c0d0     303 (0000c0c0)     _CpuTimer2
0000c0d8     303 (0000c0c0)     _SampleTable
0000c0e4     303 (0000c0c0)     _errno

0000d000     340 (0000d000)     _PieVectTableInit

0033fff8    cfff (0033ffc0)     _CsmPwl


GLOBAL SYMBOLS: SORTED ALPHABETICALLY BY Name 

page  address   name                            
----  -------   ----                            
0     00009000  .text                           
0     0000a1b8  C$$EXIT                         
0     00009f31  FS$$DIV                         
0     00009eb3  _ABC_DQ0_POS_F_FUNC             
0     00009e8f  _ABC_DQ0_POS_F_init             
0     0000988d  _ADCINT_ISR                     
0     0000a12c  _ADC_Init                       
0     00380080  _ADC_cal                        
1     00000b00  _AdcMirror                      
1     00007100  _AdcRegs                        
0     0000a174  _CNTL_2P2Z_F_ASM                
0     0000a0d8  _CNTL_3P3Z_F_ASM                
1     0000c0c0  _CpuTimer0                      
1     00000c00  _CpuTimer0Regs                  
1     0000c0c8  _CpuTimer1                      
1     00000c08  _CpuTimer1Regs                  
1     0000c0d0  _CpuTimer2                      
1     00000c10  _CpuTimer2Regs                  
1     0033fff8  _CsmPwl                         
1     00000ae0  _CsmRegs                        
0     00009ce5  _CsmUnlock                      
0     000097bb  _DATALOG_ISR                    
0     000099af  _DINTCH1_ISR                    
0     000099b9  _DINTCH2_ISR                    
0     000099c3  _DINTCH3_ISR                    
0     000099cd  _DINTCH4_ISR                    
0     000099d7  _DINTCH5_ISR                    
0     000099e1  _DINTCH6_ISR                    
0     0000808c  _DSP28x_usDelay                 
1     00000880  _DevEmuRegs                     
0     00009c32  _DisableDog                     
1     00001000  _DmaRegs                        
0     00009a3b  _ECAN0INTA_ISR                  
0     00009a4f  _ECAN0INTB_ISR                  
0     00009a45  _ECAN1INTA_ISR                  
0     00009a59  _ECAN1INTB_ISR                  
0     00009923  _ECAP1_INT_ISR                  
0     0000992d  _ECAP2_INT_ISR                  
0     00009937  _ECAP3_INT_ISR                  
0     00009941  _ECAP4_INT_ISR                  
0     0000994b  _ECAP5_INT_ISR                  
0     00009955  _ECAP6_INT_ISR                  
1     00006040  _ECanaLAMRegs                   
1     000060c0  _ECanaMOTORegs                  
1     00006080  _ECanaMOTSRegs                  
1     00006100  _ECanaMboxes                    
1     00006000  _ECanaRegs                      
1     00006240  _ECanbLAMRegs                   
1     000062c0  _ECanbMOTORegs                  
1     00006280  _ECanbMOTSRegs                  
1     00006300  _ECanbMboxes                    
1     00006200  _ECanbRegs                      
1     00006a00  _ECap1Regs                      
1     00006a20  _ECap2Regs                      
1     00006a40  _ECap3Regs                      
1     00006a60  _ECap4Regs                      
1     00006a80  _ECap5Regs                      
1     00006aa0  _ECap6Regs                      
0     00009aa9  _EMPTY_ISR                      
0     000097cf  _EMUINT_ISR                     
0     000098e7  _EPWM1_INT_ISR                  
0     00009aca  _EPWM1_Init                     
0     000098ab  _EPWM1_TZINT_ISR                
0     000098f1  _EPWM2_INT_ISR                  
0     00009b47  _EPWM2_Init                     
0     000098b5  _EPWM2_TZINT_ISR                
0     000098fb  _EPWM3_INT_ISR                  
0     00009bb3  _EPWM3_Init                     
0     000098bf  _EPWM3_TZINT_ISR                
0     00009905  _EPWM4_INT_ISR                  
0     000098c9  _EPWM4_TZINT_ISR                
0     0000990f  _EPWM5_INT_ISR                  
0     000098d3  _EPWM5_TZINT_ISR                
0     00009919  _EPWM6_INT_ISR                  
0     000098dd  _EPWM6_TZINT_ISR                
0     00009b39  _EPwm1A_SetCompare              
0     00009b40  _EPwm1B_SetCompare              
1     00006800  _EPwm1Regs                      
0     00009ba5  _EPwm2A_SetCompare              
0     00009bac  _EPwm2B_SetCompare              
1     00006840  _EPwm2Regs                      
0     00009c11  _EPwm3A_SetCompare              
0     00009c18  _EPwm3B_SetCompare              
1     00006880  _EPwm3Regs                      
1     000068c0  _EPwm4Regs                      
1     00006900  _EPwm5Regs                      
1     00006940  _EPwm6Regs                      
0     0000995f  _EQEP1_INT_ISR                  
0     00009969  _EQEP2_INT_ISR                  
1     00006b00  _EQep1Regs                      
1     00006b40  _EQep2Regs                      
0     0000a200  _EnableInterrupts               
1     00000a80  _FlashRegs                      
1     00006f80  _GpioCtrlRegs                   
1     00006fc0  _GpioDataRegs                   
1     00006fe0  _GpioIntRegs                    
0     000099eb  _I2CINT1A_ISR                   
0     000099f5  _I2CINT2A_ISR                   
1     00007900  _I2caRegs                       
0     000097e3  _ILLEGAL_ISR                    
0     000097a7  _INT13_ISR                      
0     000097b1  _INT14_ISR                      
0     0000a283  _InitAdc                        
0     00009de5  _InitEPwm                       
0     00009df3  _InitEPwm1Gpio                  
0     00009e05  _InitEPwm2Gpio                  
0     00009e17  _InitEPwm3Gpio                  
0     00009e2b  _InitEPwm4Gpio                  
0     00009e3f  _InitEPwm5Gpio                  
0     00009e51  _InitEPwm6Gpio                  
0     00009de6  _InitEPwmGpio                   
0     00009e63  _InitEPwmSyncGpio               
0     0000a26a  _InitGpio                       
0     00009c8a  _InitPeripheralClocks           
0     0000a1e1  _InitPieCtrl                    
0     0000a22d  _InitPieVectTable               
0     00009c3a  _InitPll                        
0     00009c1f  _InitSysCtrl                    
0     00009e77  _InitTzGpio                     
0     00009a9f  _LUF_ISR                        
0     00009a95  _LVF_ISR                        
0     0000999b  _MRINTA_ISR                     
0     00009987  _MRINTB_ISR                     
0     000099a5  _MXINTA_ISR                     
0     00009991  _MXINTB_ISR                     
1     00005000  _McbspaRegs                     
1     00005040  _McbspbRegs                     
0     000097d9  _NMI_ISR                        
0     00009ab6  _PIE_RESERVED                   
1     00000ce0  _PieCtrlRegs                    
1     00000d00  _PieVectTable                   
1     0000d000  _PieVectTableInit               
0     000097c5  _RTOSINT_ISR                    
0     00009a13  _SCIRXINTA_ISR                  
0     00009a27  _SCIRXINTB_ISR                  
0     000099ff  _SCIRXINTC_ISR                  
0     00009a1d  _SCITXINTA_ISR                  
0     00009a31  _SCITXINTB_ISR                  
0     00009a09  _SCITXINTC_ISR                  
0     00009865  _SEQ1INT_ISR                    
0     0000986f  _SEQ2INT_ISR                    
0     00009973  _SPIRXINTA_ISR                  
0     0000997d  _SPITXINTA_ISR                  
0     00009d5e  _SPLL_3ph_SRF_F_FUNC            
0     00009d16  _SPLL_3ph_SRF_F_init            
1     0000c0d8  _SampleTable                    
1     00007050  _SciaRegs                       
1     00007750  _ScibRegs                       
1     00007770  _ScicRegs                       
0     00009c28  _ServiceDog                     
1     00007040  _SpiaRegs                       
1     00007010  _SysCtrlRegs                    
0     00009897  _TINT0_ISR                      
0     00009847  _USER10_ISR                     
0     00009851  _USER11_ISR                     
0     0000985b  _USER12_ISR                     
0     000097ed  _USER1_ISR                      
0     000097f7  _USER2_ISR                      
0     00009801  _USER3_ISR                      
0     0000980b  _USER4_ISR                      
0     00009815  _USER5_ISR                      
0     0000981f  _USER6_ISR                      
0     00009829  _USER7_ISR                      
0     00009833  _USER8_ISR                      
0     0000983d  _USER9_ISR                      
0     000098a1  _WAKEINT_ISR                    
0     00009879  _XINT1_ISR                      
0     00009883  _XINT2_ISR                      
0     00009a63  _XINT3_ISR                      
0     00009a6d  _XINT4_ISR                      
0     00009a77  _XINT5_ISR                      
0     00009a81  _XINT6_ISR                      
0     00009a8b  _XINT7_ISR                      
1     00007070  _XIntruptRegs                   
1     00000b20  _XintfRegs                      
1     00000700  __STACK_END                     
abs   00000300  __STACK_SIZE                    
1     0000c0b8  ___TI_cleanup_ptr               
1     0000c0ba  ___TI_dtors_ptr                 
1     0000c0b6  ___TI_enable_exit_profile_output
abs   ffffffff  ___TI_pprof_out_hndl            
abs   ffffffff  ___TI_prof_data_size            
abs   ffffffff  ___TI_prof_data_start           
abs   ffffffff  ___binit__                      
abs   ffffffff  ___c_args__                     
0     00008000  ___cinit__                      
0     0000a2bd  ___etext__                      
abs   ffffffff  ___pinit__                      
0     00009000  ___text__                       
0     0000a297  __args_main                     
1     0000c0bc  __lock                          
0     0000a2b1  __nop                           
0     0000a2ad  __register_lock                 
0     0000a2a9  __register_unlock               
1     00000400  __stack                         
0     0000a2bc  __system_post_cinit             
0     0000a2ba  __system_pre_init               
1     0000c0be  __unlock                        
1     0000c08a  _abc_dq0_pos1                   
0     0000a1b8  _abort                          
0     00009000  _adc_isr                        
1     0000c054  _c                              
0     0000a082  _c_int00                        
0     0000a209  _copy_in                        
0     0000a01f  _cos                            
0     0000a01f  _cosf                           
1     0000c020  _duty_a                         
1     0000c022  _duty_b                         
1     0000c024  _duty_c                         
1     0000c0e4  _errno                          
1     0000c062  _error_id                       
1     0000c06a  _error_id_pre                   
1     0000c064  _error_iq                       
1     0000c06c  _error_iq_pre                   
1     0000c05e  _error_ud                       
1     0000c066  _error_ud_pre                   
1     0000c060  _error_uq                       
1     0000c068  _error_uq_pre                   
0     0000a1ba  _exit                           
1     0000c02c  _ia                             
1     0000c02e  _ib                             
1     0000c030  _ic                             
1     0000c03e  _id                             
1     0000c07a  _id_out                         
1     0000c032  _ila                            
1     0000c034  _ilb                            
1     0000c036  _ilc                            
1     0000c042  _ild                            
1     0000c07e  _ild_ref                        
1     0000c044  _ilq                            
1     0000c080  _ilq_ref                        
1     0000c072  _integral_id                    
1     0000c074  _integral_iq                    
1     0000c06e  _integral_ud                    
1     0000c070  _integral_uq                    
1     0000c040  _iq                             
1     0000c07c  _iq_out                         
1     0000c058  _ki1                            
1     0000c05c  _ki2                            
1     0000c056  _kp1                            
1     0000c05a  _kp2                            
1     0000c052  _l                              
1     0000c000  _ma                             
0     00009450  _main                           
1     0000c001  _mb                             
1     0000c002  _mc                             
0     0000a24d  _memcpy                         
0     00009ac0  _rsvd_ISR                       
1     0000c004  _sector                         
1     0000c003  _sector_tmp                     
0     00009fb9  _sin                            
0     00009fb9  _sinf                           
1     0000c09e  _spll1                          
0     0000950b  _svpwm                          
1     0000c00c  _t0                             
1     0000c00e  _t1                             
1     0000c010  _t2                             
1     0000c012  _t3                             
1     0000c014  _t4                             
1     0000c016  _t5                             
1     0000c018  _t6                             
1     0000c01a  _ta                             
1     0000c01c  _tb                             
1     0000c01e  _tc                             
1     0000c038  _the                            
1     0000c006  _u1                             
1     0000c008  _u2                             
1     0000c00a  _u3                             
1     0000c086  _u_alpha                        
1     0000c088  _u_beta                         
1     0000c082  _u_d                            
1     0000c084  _u_q                            
1     0000c026  _ua                             
1     0000c04a  _ua_ref                         
1     0000c028  _ub                             
1     0000c04c  _ub_ref                         
1     0000c02a  _uc                             
1     0000c04e  _uc_ref                         
1     0000c03a  _ud                             
1     0000c076  _ud_out                         
1     0000c046  _ud_ref                         
1     0000c03c  _uq                             
1     0000c078  _uq_out                         
1     0000c048  _uq_ref                         
1     0000c050  _w                              
abs   ffffffff  binit                           
0     00008000  cinit                           
0     00000000  code_start                      
0     0000a2bd  etext                           
abs   ffffffff  pinit                           


GLOBAL SYMBOLS: SORTED BY Symbol Address 

page  address   name                            
----  -------   ----                            
0     00000000  code_start                      
0     00008000  ___cinit__                      
0     00008000  cinit                           
0     0000808c  _DSP28x_usDelay                 
0     00009000  .text                           
0     00009000  ___text__                       
0     00009000  _adc_isr                        
0     00009450  _main                           
0     0000950b  _svpwm                          
0     000097a7  _INT13_ISR                      
0     000097b1  _INT14_ISR                      
0     000097bb  _DATALOG_ISR                    
0     000097c5  _RTOSINT_ISR                    
0     000097cf  _EMUINT_ISR                     
0     000097d9  _NMI_ISR                        
0     000097e3  _ILLEGAL_ISR                    
0     000097ed  _USER1_ISR                      
0     000097f7  _USER2_ISR                      
0     00009801  _USER3_ISR                      
0     0000980b  _USER4_ISR                      
0     00009815  _USER5_ISR                      
0     0000981f  _USER6_ISR                      
0     00009829  _USER7_ISR                      
0     00009833  _USER8_ISR                      
0     0000983d  _USER9_ISR                      
0     00009847  _USER10_ISR                     
0     00009851  _USER11_ISR                     
0     0000985b  _USER12_ISR                     
0     00009865  _SEQ1INT_ISR                    
0     0000986f  _SEQ2INT_ISR                    
0     00009879  _XINT1_ISR                      
0     00009883  _XINT2_ISR                      
0     0000988d  _ADCINT_ISR                     
0     00009897  _TINT0_ISR                      
0     000098a1  _WAKEINT_ISR                    
0     000098ab  _EPWM1_TZINT_ISR                
0     000098b5  _EPWM2_TZINT_ISR                
0     000098bf  _EPWM3_TZINT_ISR                
0     000098c9  _EPWM4_TZINT_ISR                
0     000098d3  _EPWM5_TZINT_ISR                
0     000098dd  _EPWM6_TZINT_ISR                
0     000098e7  _EPWM1_INT_ISR                  
0     000098f1  _EPWM2_INT_ISR                  
0     000098fb  _EPWM3_INT_ISR                  
0     00009905  _EPWM4_INT_ISR                  
0     0000990f  _EPWM5_INT_ISR                  
0     00009919  _EPWM6_INT_ISR                  
0     00009923  _ECAP1_INT_ISR                  
0     0000992d  _ECAP2_INT_ISR                  
0     00009937  _ECAP3_INT_ISR                  
0     00009941  _ECAP4_INT_ISR                  
0     0000994b  _ECAP5_INT_ISR                  
0     00009955  _ECAP6_INT_ISR                  
0     0000995f  _EQEP1_INT_ISR                  
0     00009969  _EQEP2_INT_ISR                  
0     00009973  _SPIRXINTA_ISR                  
0     0000997d  _SPITXINTA_ISR                  
0     00009987  _MRINTB_ISR                     
0     00009991  _MXINTB_ISR                     
0     0000999b  _MRINTA_ISR                     
0     000099a5  _MXINTA_ISR                     
0     000099af  _DINTCH1_ISR                    
0     000099b9  _DINTCH2_ISR                    
0     000099c3  _DINTCH3_ISR                    
0     000099cd  _DINTCH4_ISR                    
0     000099d7  _DINTCH5_ISR                    
0     000099e1  _DINTCH6_ISR                    
0     000099eb  _I2CINT1A_ISR                   
0     000099f5  _I2CINT2A_ISR                   
0     000099ff  _SCIRXINTC_ISR                  
0     00009a09  _SCITXINTC_ISR                  
0     00009a13  _SCIRXINTA_ISR                  
0     00009a1d  _SCITXINTA_ISR                  
0     00009a27  _SCIRXINTB_ISR                  
0     00009a31  _SCITXINTB_ISR                  
0     00009a3b  _ECAN0INTA_ISR                  
0     00009a45  _ECAN1INTA_ISR                  
0     00009a4f  _ECAN0INTB_ISR                  
0     00009a59  _ECAN1INTB_ISR                  
0     00009a63  _XINT3_ISR                      
0     00009a6d  _XINT4_ISR                      
0     00009a77  _XINT5_ISR                      
0     00009a81  _XINT6_ISR                      
0     00009a8b  _XINT7_ISR                      
0     00009a95  _LVF_ISR                        
0     00009a9f  _LUF_ISR                        
0     00009aa9  _EMPTY_ISR                      
0     00009ab6  _PIE_RESERVED                   
0     00009ac0  _rsvd_ISR                       
0     00009aca  _EPWM1_Init                     
0     00009b39  _EPwm1A_SetCompare              
0     00009b40  _EPwm1B_SetCompare              
0     00009b47  _EPWM2_Init                     
0     00009ba5  _EPwm2A_SetCompare              
0     00009bac  _EPwm2B_SetCompare              
0     00009bb3  _EPWM3_Init                     
0     00009c11  _EPwm3A_SetCompare              
0     00009c18  _EPwm3B_SetCompare              
0     00009c1f  _InitSysCtrl                    
0     00009c28  _ServiceDog                     
0     00009c32  _DisableDog                     
0     00009c3a  _InitPll                        
0     00009c8a  _InitPeripheralClocks           
0     00009ce5  _CsmUnlock                      
0     00009d16  _SPLL_3ph_SRF_F_init            
0     00009d5e  _SPLL_3ph_SRF_F_FUNC            
0     00009de5  _InitEPwm                       
0     00009de6  _InitEPwmGpio                   
0     00009df3  _InitEPwm1Gpio                  
0     00009e05  _InitEPwm2Gpio                  
0     00009e17  _InitEPwm3Gpio                  
0     00009e2b  _InitEPwm4Gpio                  
0     00009e3f  _InitEPwm5Gpio                  
0     00009e51  _InitEPwm6Gpio                  
0     00009e63  _InitEPwmSyncGpio               
0     00009e77  _InitTzGpio                     
0     00009e8f  _ABC_DQ0_POS_F_init             
0     00009eb3  _ABC_DQ0_POS_F_FUNC             
0     00009f31  FS$$DIV                         
0     00009fb9  _sin                            
0     00009fb9  _sinf                           
0     0000a01f  _cos                            
0     0000a01f  _cosf                           
0     0000a082  _c_int00                        
0     0000a0d8  _CNTL_3P3Z_F_ASM                
0     0000a12c  _ADC_Init                       
0     0000a174  _CNTL_2P2Z_F_ASM                
0     0000a1b8  C$$EXIT                         
0     0000a1b8  _abort                          
0     0000a1ba  _exit                           
0     0000a1e1  _InitPieCtrl                    
0     0000a200  _EnableInterrupts               
0     0000a209  _copy_in                        
0     0000a22d  _InitPieVectTable               
0     0000a24d  _memcpy                         
0     0000a26a  _InitGpio                       
0     0000a283  _InitAdc                        
0     0000a297  __args_main                     
0     0000a2a9  __register_unlock               
0     0000a2ad  __register_lock                 
0     0000a2b1  __nop                           
0     0000a2ba  __system_pre_init               
0     0000a2bc  __system_post_cinit             
0     0000a2bd  ___etext__                      
0     0000a2bd  etext                           
0     00380080  _ADC_cal                        
1     00000400  __stack                         
1     00000700  __STACK_END                     
1     00000880  _DevEmuRegs                     
1     00000a80  _FlashRegs                      
1     00000ae0  _CsmRegs                        
1     00000b00  _AdcMirror                      
1     00000b20  _XintfRegs                      
1     00000c00  _CpuTimer0Regs                  
1     00000c08  _CpuTimer1Regs                  
1     00000c10  _CpuTimer2Regs                  
1     00000ce0  _PieCtrlRegs                    
1     00000d00  _PieVectTable                   
1     00001000  _DmaRegs                        
1     00005000  _McbspaRegs                     
1     00005040  _McbspbRegs                     
1     00006000  _ECanaRegs                      
1     00006040  _ECanaLAMRegs                   
1     00006080  _ECanaMOTSRegs                  
1     000060c0  _ECanaMOTORegs                  
1     00006100  _ECanaMboxes                    
1     00006200  _ECanbRegs                      
1     00006240  _ECanbLAMRegs                   
1     00006280  _ECanbMOTSRegs                  
1     000062c0  _ECanbMOTORegs                  
1     00006300  _ECanbMboxes                    
1     00006800  _EPwm1Regs                      
1     00006840  _EPwm2Regs                      
1     00006880  _EPwm3Regs                      
1     000068c0  _EPwm4Regs                      
1     00006900  _EPwm5Regs                      
1     00006940  _EPwm6Regs                      
1     00006a00  _ECap1Regs                      
1     00006a20  _ECap2Regs                      
1     00006a40  _ECap3Regs                      
1     00006a60  _ECap4Regs                      
1     00006a80  _ECap5Regs                      
1     00006aa0  _ECap6Regs                      
1     00006b00  _EQep1Regs                      
1     00006b40  _EQep2Regs                      
1     00006f80  _GpioCtrlRegs                   
1     00006fc0  _GpioDataRegs                   
1     00006fe0  _GpioIntRegs                    
1     00007010  _SysCtrlRegs                    
1     00007040  _SpiaRegs                       
1     00007050  _SciaRegs                       
1     00007070  _XIntruptRegs                   
1     00007100  _AdcRegs                        
1     00007750  _ScibRegs                       
1     00007770  _ScicRegs                       
1     00007900  _I2caRegs                       
1     0000c000  _ma                             
1     0000c001  _mb                             
1     0000c002  _mc                             
1     0000c003  _sector_tmp                     
1     0000c004  _sector                         
1     0000c006  _u1                             
1     0000c008  _u2                             
1     0000c00a  _u3                             
1     0000c00c  _t0                             
1     0000c00e  _t1                             
1     0000c010  _t2                             
1     0000c012  _t3                             
1     0000c014  _t4                             
1     0000c016  _t5                             
1     0000c018  _t6                             
1     0000c01a  _ta                             
1     0000c01c  _tb                             
1     0000c01e  _tc                             
1     0000c020  _duty_a                         
1     0000c022  _duty_b                         
1     0000c024  _duty_c                         
1     0000c026  _ua                             
1     0000c028  _ub                             
1     0000c02a  _uc                             
1     0000c02c  _ia                             
1     0000c02e  _ib                             
1     0000c030  _ic                             
1     0000c032  _ila                            
1     0000c034  _ilb                            
1     0000c036  _ilc                            
1     0000c038  _the                            
1     0000c03a  _ud                             
1     0000c03c  _uq                             
1     0000c03e  _id                             
1     0000c040  _iq                             
1     0000c042  _ild                            
1     0000c044  _ilq                            
1     0000c046  _ud_ref                         
1     0000c048  _uq_ref                         
1     0000c04a  _ua_ref                         
1     0000c04c  _ub_ref                         
1     0000c04e  _uc_ref                         
1     0000c050  _w                              
1     0000c052  _l                              
1     0000c054  _c                              
1     0000c056  _kp1                            
1     0000c058  _ki1                            
1     0000c05a  _kp2                            
1     0000c05c  _ki2                            
1     0000c05e  _error_ud                       
1     0000c060  _error_uq                       
1     0000c062  _error_id                       
1     0000c064  _error_iq                       
1     0000c066  _error_ud_pre                   
1     0000c068  _error_uq_pre                   
1     0000c06a  _error_id_pre                   
1     0000c06c  _error_iq_pre                   
1     0000c06e  _integral_ud                    
1     0000c070  _integral_uq                    
1     0000c072  _integral_id                    
1     0000c074  _integral_iq                    
1     0000c076  _ud_out                         
1     0000c078  _uq_out                         
1     0000c07a  _id_out                         
1     0000c07c  _iq_out                         
1     0000c07e  _ild_ref                        
1     0000c080  _ilq_ref                        
1     0000c082  _u_d                            
1     0000c084  _u_q                            
1     0000c086  _u_alpha                        
1     0000c088  _u_beta                         
1     0000c08a  _abc_dq0_pos1                   
1     0000c09e  _spll1                          
1     0000c0b6  ___TI_enable_exit_profile_output
1     0000c0b8  ___TI_cleanup_ptr               
1     0000c0ba  ___TI_dtors_ptr                 
1     0000c0bc  __lock                          
1     0000c0be  __unlock                        
1     0000c0c0  _CpuTimer0                      
1     0000c0c8  _CpuTimer1                      
1     0000c0d0  _CpuTimer2                      
1     0000c0d8  _SampleTable                    
1     0000c0e4  _errno                          
1     0000d000  _PieVectTableInit               
1     0033fff8  _CsmPwl                         
abs   00000300  __STACK_SIZE                    
abs   ffffffff  ___TI_pprof_out_hndl            
abs   ffffffff  ___TI_prof_data_size            
abs   ffffffff  ___TI_prof_data_start           
abs   ffffffff  ___binit__                      
abs   ffffffff  ___c_args__                     
abs   ffffffff  ___pinit__                      
abs   ffffffff  binit                           
abs   ffffffff  pinit                           

[290 symbols]
