<?xml version="1.0" encoding="ISO-8859-1" ?>
<link_info>
   <banner>TMS320C2000 Linker PC v22.6.0.LTS</banner>
   <copyright>Copyright (c) 1996-2018 Texas Instruments Incorporated</copyright>
   <link_time>0x6464cfe4</link_time>
   <link_errors>0x0</link_errors>
   <output_file>DSP2883351111.out</output_file>
   <entry_point>
      <name>_c_int00</name>
      <address>0x9656</address>
   </entry_point>
   <input_file_list>
      <input_file id="fl-2">
         <path>.\APP\24cxx\</path>
         <kind>object</kind>
         <file>24cxx.obj</file>
         <name>24cxx.obj</name>
      </input_file>
      <input_file id="fl-3">
         <path>.\APP\adc\</path>
         <kind>object</kind>
         <file>adc.obj</file>
         <name>adc.obj</name>
      </input_file>
      <input_file id="fl-4">
         <path>.\APP\epwm\</path>
         <kind>object</kind>
         <file>epwm.obj</file>
         <name>epwm.obj</name>
      </input_file>
      <input_file id="fl-5">
         <path>.\APP\exti\</path>
         <kind>object</kind>
         <file>exti.obj</file>
         <name>exti.obj</name>
      </input_file>
      <input_file id="fl-6">
         <path>.\APP\iic\</path>
         <kind>object</kind>
         <file>iic.obj</file>
         <name>iic.obj</name>
      </input_file>
      <input_file id="fl-7">
         <path>.\APP\key\</path>
         <kind>object</kind>
         <file>key.obj</file>
         <name>key.obj</name>
      </input_file>
      <input_file id="fl-8">
         <path>.\APP\rs485\</path>
         <kind>object</kind>
         <file>rs485.obj</file>
         <name>rs485.obj</name>
      </input_file>
      <input_file id="fl-9">
         <path>.\APP\smg\</path>
         <kind>object</kind>
         <file>smg.obj</file>
         <name>smg.obj</name>
      </input_file>
      <input_file id="fl-a">
         <path>.\APP\spi\</path>
         <kind>object</kind>
         <file>spi.obj</file>
         <name>spi.obj</name>
      </input_file>
      <input_file id="fl-b">
         <path>.\APP\time\</path>
         <kind>object</kind>
         <file>time.obj</file>
         <name>time.obj</name>
      </input_file>
      <input_file id="fl-c">
         <path>.\APP\tlv5620\</path>
         <kind>object</kind>
         <file>tlv5620.obj</file>
         <name>tlv5620.obj</name>
      </input_file>
      <input_file id="fl-d">
         <path>.\APP\uart\</path>
         <kind>object</kind>
         <file>uart.obj</file>
         <name>uart.obj</name>
      </input_file>
      <input_file id="fl-e">
         <path>.\User\</path>
         <kind>object</kind>
         <file>main.obj</file>
         <name>main.obj</name>
      </input_file>
      <input_file id="fl-f">
         <path>.\libraies\</path>
         <kind>object</kind>
         <file>DSP2833x_ADC_cal.obj</file>
         <name>DSP2833x_ADC_cal.obj</name>
      </input_file>
      <input_file id="fl-10">
         <path>.\libraies\</path>
         <kind>object</kind>
         <file>DSP2833x_Adc.obj</file>
         <name>DSP2833x_Adc.obj</name>
      </input_file>
      <input_file id="fl-11">
         <path>.\libraies\</path>
         <kind>object</kind>
         <file>DSP2833x_CodeStartBranch.obj</file>
         <name>DSP2833x_CodeStartBranch.obj</name>
      </input_file>
      <input_file id="fl-12">
         <path>.\libraies\</path>
         <kind>object</kind>
         <file>DSP2833x_CpuTimers.obj</file>
         <name>DSP2833x_CpuTimers.obj</name>
      </input_file>
      <input_file id="fl-13">
         <path>.\libraies\</path>
         <kind>object</kind>
         <file>DSP2833x_DefaultIsr.obj</file>
         <name>DSP2833x_DefaultIsr.obj</name>
      </input_file>
      <input_file id="fl-14">
         <path>.\libraies\</path>
         <kind>object</kind>
         <file>DSP2833x_EPwm.obj</file>
         <name>DSP2833x_EPwm.obj</name>
      </input_file>
      <input_file id="fl-15">
         <path>.\libraies\</path>
         <kind>object</kind>
         <file>DSP2833x_GlobalVariableDefs.obj</file>
         <name>DSP2833x_GlobalVariableDefs.obj</name>
      </input_file>
      <input_file id="fl-16">
         <path>.\libraies\</path>
         <kind>object</kind>
         <file>DSP2833x_Gpio.obj</file>
         <name>DSP2833x_Gpio.obj</name>
      </input_file>
      <input_file id="fl-17">
         <path>.\libraies\</path>
         <kind>object</kind>
         <file>DSP2833x_PieCtrl.obj</file>
         <name>DSP2833x_PieCtrl.obj</name>
      </input_file>
      <input_file id="fl-18">
         <path>.\libraies\</path>
         <kind>object</kind>
         <file>DSP2833x_PieVect.obj</file>
         <name>DSP2833x_PieVect.obj</name>
      </input_file>
      <input_file id="fl-19">
         <path>.\libraies\</path>
         <kind>object</kind>
         <file>DSP2833x_Sci.obj</file>
         <name>DSP2833x_Sci.obj</name>
      </input_file>
      <input_file id="fl-1a">
         <path>.\libraies\</path>
         <kind>object</kind>
         <file>DSP2833x_Spi.obj</file>
         <name>DSP2833x_Spi.obj</name>
      </input_file>
      <input_file id="fl-1b">
         <path>.\libraies\</path>
         <kind>object</kind>
         <file>DSP2833x_SysCtrl.obj</file>
         <name>DSP2833x_SysCtrl.obj</name>
      </input_file>
      <input_file id="fl-1c">
         <path>.\libraies\</path>
         <kind>object</kind>
         <file>DSP2833x_usDelay.obj</file>
         <name>DSP2833x_usDelay.obj</name>
      </input_file>
      <input_file id="fl-22">
         <kind>object</kind>
         <file>&lt;internal&gt;</file>
         <name>&lt;internal&gt;</name>
      </input_file>
      <input_file id="fl-2e">
         <path>D:\CCS\CCS1230\ccs\tools\compiler\ti-cgt-c2000_22.6.0.LTS\lib\</path>
         <kind>archive</kind>
         <file>rts2800_fpu32.lib</file>
         <name>boot28.asm.obj</name>
      </input_file>
      <input_file id="fl-2f">
         <path>D:\CCS\CCS1230\ccs\tools\compiler\ti-cgt-c2000_22.6.0.LTS\lib\</path>
         <kind>archive</kind>
         <file>rts2800_fpu32.lib</file>
         <name>u_div28.asm.obj</name>
      </input_file>
      <input_file id="fl-30">
         <path>D:\CCS\CCS1230\ccs\tools\compiler\ti-cgt-c2000_22.6.0.LTS\lib\</path>
         <kind>archive</kind>
         <file>rts2800_fpu32.lib</file>
         <name>cpy_tbl.c.obj</name>
      </input_file>
      <input_file id="fl-31">
         <path>D:\CCS\CCS1230\ccs\tools\compiler\ti-cgt-c2000_22.6.0.LTS\lib\</path>
         <kind>archive</kind>
         <file>rts2800_fpu32.lib</file>
         <name>memcpy.c.obj</name>
      </input_file>
      <input_file id="fl-32">
         <path>D:\CCS\CCS1230\ccs\tools\compiler\ti-cgt-c2000_22.6.0.LTS\lib\</path>
         <kind>archive</kind>
         <file>rts2800_fpu32.lib</file>
         <name>pre_init.c.obj</name>
      </input_file>
      <input_file id="fl-33">
         <path>D:\CCS\CCS1230\ccs\tools\compiler\ti-cgt-c2000_22.6.0.LTS\lib\</path>
         <kind>archive</kind>
         <file>rts2800_fpu32.lib</file>
         <name>startup.c.obj</name>
      </input_file>
      <input_file id="fl-34">
         <path>D:\CCS\CCS1230\ccs\tools\compiler\ti-cgt-c2000_22.6.0.LTS\lib\</path>
         <kind>archive</kind>
         <file>rts2800_fpu32.lib</file>
         <name>exit.c.obj</name>
      </input_file>
      <input_file id="fl-35">
         <path>D:\CCS\CCS1230\ccs\tools\compiler\ti-cgt-c2000_22.6.0.LTS\lib\</path>
         <kind>archive</kind>
         <file>rts2800_fpu32.lib</file>
         <name>_lock.c.obj</name>
      </input_file>
      <input_file id="fl-36">
         <path>D:\CCS\CCS1230\ccs\tools\compiler\ti-cgt-c2000_22.6.0.LTS\lib\</path>
         <kind>archive</kind>
         <file>rts2800_fpu32.lib</file>
         <name>args_main.c.obj</name>
      </input_file>
   </input_file_list>
   <object_component_list>
      <object_component id="oc-9f">
         <name>codestart</name>
         <load_address>0x0</load_address>
         <run_address>0x0</run_address>
         <size>0x2</size>
         <input_file_ref idref="fl-11"/>
      </object_component>
      <object_component id="oc-106">
         <name>ramfuncs</name>
         <load_address>0x804e</load_address>
         <run_address>0x804e</run_address>
         <size>0x4</size>
         <input_file_ref idref="fl-1c"/>
      </object_component>
      <object_component id="oc-ab">
         <name>.text:retain</name>
         <load_address>0x9000</load_address>
         <run_address>0x9000</run_address>
         <size>0x323</size>
         <input_file_ref idref="fl-13"/>
      </object_component>
      <object_component id="oc-145">
         <name>.text</name>
         <load_address>0x9323</load_address>
         <run_address>0x9323</run_address>
         <size>0xf7</size>
         <input_file_ref idref="fl-1b"/>
      </object_component>
      <object_component id="oc-8f">
         <name>.text:retain</name>
         <load_address>0x941a</load_address>
         <run_address>0x941a</run_address>
         <size>0xd9</size>
         <input_file_ref idref="fl-e"/>
      </object_component>
      <object_component id="oc-14b">
         <name>.text</name>
         <load_address>0x94f3</load_address>
         <run_address>0x94f3</run_address>
         <size>0xb9</size>
         <input_file_ref idref="fl-4"/>
      </object_component>
      <object_component id="oc-147">
         <name>.text</name>
         <load_address>0x95ac</load_address>
         <run_address>0x95ac</run_address>
         <size>0xaa</size>
         <input_file_ref idref="fl-14"/>
      </object_component>
      <object_component id="oc-4b">
         <name>.text</name>
         <load_address>0x9656</load_address>
         <run_address>0x9656</run_address>
         <size>0x56</size>
         <input_file_ref idref="fl-2e"/>
      </object_component>
      <object_component id="oc-5c">
         <name>.text:retain</name>
         <load_address>0x96ac</load_address>
         <run_address>0x96ac</run_address>
         <size>0x50</size>
         <input_file_ref idref="fl-5"/>
      </object_component>
      <object_component id="oc-142">
         <name>.text</name>
         <load_address>0x96fc</load_address>
         <run_address>0x96fc</run_address>
         <size>0x34</size>
         <input_file_ref idref="fl-e"/>
      </object_component>
      <object_component id="oc-13f">
         <name>.text</name>
         <load_address>0x9730</load_address>
         <run_address>0x9730</run_address>
         <size>0x29</size>
         <input_file_ref idref="fl-34"/>
      </object_component>
      <object_component id="oc-148">
         <name>.text</name>
         <load_address>0x9759</load_address>
         <run_address>0x9759</run_address>
         <size>0x28</size>
         <input_file_ref idref="fl-17"/>
      </object_component>
      <object_component id="oc-14a">
         <name>.text</name>
         <load_address>0x9781</load_address>
         <run_address>0x9781</run_address>
         <size>0x28</size>
         <input_file_ref idref="fl-3"/>
      </object_component>
      <object_component id="oc-13c">
         <name>.text</name>
         <load_address>0x97a9</load_address>
         <run_address>0x97a9</run_address>
         <size>0x24</size>
         <input_file_ref idref="fl-30"/>
      </object_component>
      <object_component id="oc-149">
         <name>.text</name>
         <load_address>0x97cd</load_address>
         <run_address>0x97cd</run_address>
         <size>0x20</size>
         <input_file_ref idref="fl-18"/>
      </object_component>
      <object_component id="oc-141">
         <name>.text</name>
         <load_address>0x97ed</load_address>
         <run_address>0x97ed</run_address>
         <size>0x1d</size>
         <input_file_ref idref="fl-31"/>
      </object_component>
      <object_component id="oc-146">
         <name>.text</name>
         <load_address>0x980a</load_address>
         <run_address>0x980a</run_address>
         <size>0x19</size>
         <input_file_ref idref="fl-16"/>
      </object_component>
      <object_component id="oc-7d">
         <name>.text:retain</name>
         <load_address>0x9823</load_address>
         <run_address>0x9823</run_address>
         <size>0x18</size>
         <input_file_ref idref="fl-b"/>
      </object_component>
      <object_component id="oc-14f">
         <name>.text</name>
         <load_address>0x983b</load_address>
         <run_address>0x983b</run_address>
         <size>0x14</size>
         <input_file_ref idref="fl-10"/>
      </object_component>
      <object_component id="oc-13e">
         <name>.text</name>
         <load_address>0x984f</load_address>
         <run_address>0x984f</run_address>
         <size>0x12</size>
         <input_file_ref idref="fl-36"/>
      </object_component>
      <object_component id="oc-111">
         <name>.text</name>
         <load_address>0x9861</load_address>
         <run_address>0x9861</run_address>
         <size>0xb</size>
         <input_file_ref idref="fl-2f"/>
      </object_component>
      <object_component id="oc-14c">
         <name>.text</name>
         <load_address>0x986c</load_address>
         <run_address>0x986c</run_address>
         <size>0x9</size>
         <input_file_ref idref="fl-35"/>
      </object_component>
      <object_component id="oc-9e">
         <name>.text</name>
         <load_address>0x9875</load_address>
         <run_address>0x9875</run_address>
         <size>0x8</size>
         <input_file_ref idref="fl-11"/>
      </object_component>
      <object_component id="oc-13b">
         <name>.text</name>
         <load_address>0x987d</load_address>
         <run_address>0x987d</run_address>
         <size>0x2</size>
         <input_file_ref idref="fl-32"/>
      </object_component>
      <object_component id="oc-13d">
         <name>.text</name>
         <load_address>0x987f</load_address>
         <run_address>0x987f</run_address>
         <size>0x1</size>
         <input_file_ref idref="fl-33"/>
      </object_component>
      <object_component id="oc-8d">
         <name>.cinit</name>
         <load_address>0x8000</load_address>
         <run_address>0x8000</run_address>
         <size>0x28</size>
         <input_file_ref idref="fl-e"/>
      </object_component>
      <object_component id="oc-12b">
         <name>.cinit</name>
         <load_address>0x8028</load_address>
         <run_address>0x8028</run_address>
         <size>0xe</size>
         <input_file_ref idref="fl-34"/>
      </object_component>
      <object_component id="oc-67">
         <name>.cinit</name>
         <load_address>0x8036</load_address>
         <run_address>0x8036</run_address>
         <size>0xc</size>
         <input_file_ref idref="fl-7"/>
      </object_component>
      <object_component id="oc-144">
         <name>.cinit:__lock</name>
         <load_address>0x8042</load_address>
         <run_address>0x8042</run_address>
         <size>0x5</size>
         <input_file_ref idref="fl-35"/>
      </object_component>
      <object_component id="oc-14d">
         <name>.cinit:__unlock</name>
         <load_address>0x8047</load_address>
         <run_address>0x8047</run_address>
         <size>0x5</size>
         <input_file_ref idref="fl-35"/>
      </object_component>
      <object_component id="oc-10b">
         <name>.stack</name>
         <uninitialized>true</uninitialized>
         <run_address>0x400</run_address>
         <size>0x0</size>
         <input_file_ref idref="fl-2e"/>
      </object_component>
      <object_component id="oc-1a5">
         <name>.stack</name>
         <uninitialized>true</uninitialized>
         <run_address>0x400</run_address>
         <size>0x0</size>
      </object_component>
      <object_component id="oc-68">
         <name>.ebss</name>
         <uninitialized>true</uninitialized>
         <run_address>0xc046</run_address>
         <size>0x3</size>
         <input_file_ref idref="fl-7"/>
      </object_component>
      <object_component id="oc-8e">
         <name>.ebss</name>
         <uninitialized>true</uninitialized>
         <run_address>0xc000</run_address>
         <size>0x28</size>
         <input_file_ref idref="fl-e"/>
      </object_component>
      <object_component id="oc-140">
         <name>.ebss:_SampleTable</name>
         <uninitialized>true</uninitialized>
         <run_address>0xc049</run_address>
         <size>0x2</size>
         <input_file_ref idref="fl-e"/>
      </object_component>
      <object_component id="oc-a5">
         <name>.ebss</name>
         <uninitialized>true</uninitialized>
         <run_address>0xc028</run_address>
         <size>0x18</size>
         <input_file_ref idref="fl-12"/>
      </object_component>
      <object_component id="oc-12c">
         <name>.ebss</name>
         <uninitialized>true</uninitialized>
         <run_address>0xc040</run_address>
         <size>0x6</size>
         <input_file_ref idref="fl-34"/>
      </object_component>
      <object_component id="oc-143">
         <name>.ebss:__lock</name>
         <uninitialized>true</uninitialized>
         <run_address>0xc04c</run_address>
         <size>0x2</size>
         <input_file_ref idref="fl-35"/>
      </object_component>
      <object_component id="oc-150">
         <name>.ebss:__unlock</name>
         <uninitialized>true</uninitialized>
         <run_address>0xc04e</run_address>
         <size>0x2</size>
         <input_file_ref idref="fl-35"/>
      </object_component>
      <object_component id="oc-14e">
         <name>.econst:_PieVectTableInit</name>
         <load_address>0xd000</load_address>
         <run_address>0xd000</run_address>
         <size>0x100</size>
         <input_file_ref idref="fl-18"/>
      </object_component>
      <object_component id="oc-10c">
         <name>.reset</name>
         <load_address>0x3fffc0</load_address>
         <run_address>0x3fffc0</run_address>
         <size>0x2</size>
         <input_file_ref idref="fl-2e"/>
      </object_component>
      <object_component id="oc-94">
         <name>.adc_cal</name>
         <load_address>0x380080</load_address>
         <run_address>0x380080</run_address>
         <size>0x7</size>
         <input_file_ref idref="fl-f"/>
      </object_component>
      <object_component id="oc-e6">
         <name>PieVectTableFile</name>
         <uninitialized>true</uninitialized>
         <run_address>0xd00</run_address>
         <size>0x100</size>
         <input_file_ref idref="fl-15"/>
      </object_component>
      <object_component id="oc-e2">
         <name>DevEmuRegsFile</name>
         <uninitialized>true</uninitialized>
         <run_address>0x880</run_address>
         <size>0xd0</size>
         <input_file_ref idref="fl-15"/>
      </object_component>
      <object_component id="oc-ba">
         <name>FlashRegsFile</name>
         <uninitialized>true</uninitialized>
         <run_address>0xa80</run_address>
         <size>0x8</size>
         <input_file_ref idref="fl-15"/>
      </object_component>
      <object_component id="oc-bd">
         <name>CsmRegsFile</name>
         <uninitialized>true</uninitialized>
         <run_address>0xae0</run_address>
         <size>0x10</size>
         <input_file_ref idref="fl-15"/>
      </object_component>
      <object_component id="oc-bc">
         <name>AdcMirrorFile</name>
         <uninitialized>true</uninitialized>
         <run_address>0xb00</run_address>
         <size>0x10</size>
         <input_file_ref idref="fl-15"/>
      </object_component>
      <object_component id="oc-c5">
         <name>XintfRegsFile</name>
         <uninitialized>true</uninitialized>
         <run_address>0xb20</run_address>
         <size>0x1e</size>
         <input_file_ref idref="fl-15"/>
      </object_component>
      <object_component id="oc-b6">
         <name>CpuTimer0RegsFile</name>
         <uninitialized>true</uninitialized>
         <run_address>0xc00</run_address>
         <size>0x8</size>
         <input_file_ref idref="fl-15"/>
      </object_component>
      <object_component id="oc-b7">
         <name>CpuTimer1RegsFile</name>
         <uninitialized>true</uninitialized>
         <run_address>0xc08</run_address>
         <size>0x8</size>
         <input_file_ref idref="fl-15"/>
      </object_component>
      <object_component id="oc-b8">
         <name>CpuTimer2RegsFile</name>
         <uninitialized>true</uninitialized>
         <run_address>0xc10</run_address>
         <size>0x8</size>
         <input_file_ref idref="fl-15"/>
      </object_component>
      <object_component id="oc-c3">
         <name>PieCtrlRegsFile</name>
         <uninitialized>true</uninitialized>
         <run_address>0xce0</run_address>
         <size>0x1a</size>
         <input_file_ref idref="fl-15"/>
      </object_component>
      <object_component id="oc-e3">
         <name>DmaRegsFile</name>
         <uninitialized>true</uninitialized>
         <run_address>0x1000</run_address>
         <size>0xe0</size>
         <input_file_ref idref="fl-15"/>
      </object_component>
      <object_component id="oc-d5">
         <name>McbspaRegsFile</name>
         <uninitialized>true</uninitialized>
         <run_address>0x5000</run_address>
         <size>0x25</size>
         <input_file_ref idref="fl-15"/>
      </object_component>
      <object_component id="oc-d6">
         <name>McbspbRegsFile</name>
         <uninitialized>true</uninitialized>
         <run_address>0x5040</run_address>
         <size>0x25</size>
         <input_file_ref idref="fl-15"/>
      </object_component>
      <object_component id="oc-d8">
         <name>ECanaRegsFile</name>
         <uninitialized>true</uninitialized>
         <run_address>0x6000</run_address>
         <size>0x34</size>
         <input_file_ref idref="fl-15"/>
      </object_component>
      <object_component id="oc-da">
         <name>ECanaLAMRegsFile</name>
         <uninitialized>true</uninitialized>
         <run_address>0x6040</run_address>
         <size>0x40</size>
         <input_file_ref idref="fl-15"/>
      </object_component>
      <object_component id="oc-e4">
         <name>ECanaMboxesFile</name>
         <uninitialized>true</uninitialized>
         <run_address>0x6100</run_address>
         <size>0x100</size>
         <input_file_ref idref="fl-15"/>
      </object_component>
      <object_component id="oc-db">
         <name>ECanaMOTSRegsFile</name>
         <uninitialized>true</uninitialized>
         <run_address>0x6080</run_address>
         <size>0x40</size>
         <input_file_ref idref="fl-15"/>
      </object_component>
      <object_component id="oc-dc">
         <name>ECanaMOTORegsFile</name>
         <uninitialized>true</uninitialized>
         <run_address>0x60c0</run_address>
         <size>0x40</size>
         <input_file_ref idref="fl-15"/>
      </object_component>
      <object_component id="oc-d9">
         <name>ECanbRegsFile</name>
         <uninitialized>true</uninitialized>
         <run_address>0x6200</run_address>
         <size>0x34</size>
         <input_file_ref idref="fl-15"/>
      </object_component>
      <object_component id="oc-dd">
         <name>ECanbLAMRegsFile</name>
         <uninitialized>true</uninitialized>
         <run_address>0x6240</run_address>
         <size>0x40</size>
         <input_file_ref idref="fl-15"/>
      </object_component>
      <object_component id="oc-e5">
         <name>ECanbMboxesFile</name>
         <uninitialized>true</uninitialized>
         <run_address>0x6300</run_address>
         <size>0x100</size>
         <input_file_ref idref="fl-15"/>
      </object_component>
      <object_component id="oc-de">
         <name>ECanbMOTSRegsFile</name>
         <uninitialized>true</uninitialized>
         <run_address>0x6280</run_address>
         <size>0x40</size>
         <input_file_ref idref="fl-15"/>
      </object_component>
      <object_component id="oc-df">
         <name>ECanbMOTORegsFile</name>
         <uninitialized>true</uninitialized>
         <run_address>0x62c0</run_address>
         <size>0x40</size>
         <input_file_ref idref="fl-15"/>
      </object_component>
      <object_component id="oc-ce">
         <name>EPwm1RegsFile</name>
         <uninitialized>true</uninitialized>
         <run_address>0x6800</run_address>
         <size>0x22</size>
         <input_file_ref idref="fl-15"/>
      </object_component>
      <object_component id="oc-cf">
         <name>EPwm2RegsFile</name>
         <uninitialized>true</uninitialized>
         <run_address>0x6840</run_address>
         <size>0x22</size>
         <input_file_ref idref="fl-15"/>
      </object_component>
      <object_component id="oc-d0">
         <name>EPwm3RegsFile</name>
         <uninitialized>true</uninitialized>
         <run_address>0x6880</run_address>
         <size>0x22</size>
         <input_file_ref idref="fl-15"/>
      </object_component>
      <object_component id="oc-d1">
         <name>EPwm4RegsFile</name>
         <uninitialized>true</uninitialized>
         <run_address>0x68c0</run_address>
         <size>0x22</size>
         <input_file_ref idref="fl-15"/>
      </object_component>
      <object_component id="oc-d2">
         <name>EPwm5RegsFile</name>
         <uninitialized>true</uninitialized>
         <run_address>0x6900</run_address>
         <size>0x22</size>
         <input_file_ref idref="fl-15"/>
      </object_component>
      <object_component id="oc-d3">
         <name>EPwm6RegsFile</name>
         <uninitialized>true</uninitialized>
         <run_address>0x6940</run_address>
         <size>0x22</size>
         <input_file_ref idref="fl-15"/>
      </object_component>
      <object_component id="oc-c6">
         <name>ECap1RegsFile</name>
         <uninitialized>true</uninitialized>
         <run_address>0x6a00</run_address>
         <size>0x20</size>
         <input_file_ref idref="fl-15"/>
      </object_component>
      <object_component id="oc-c7">
         <name>ECap2RegsFile</name>
         <uninitialized>true</uninitialized>
         <run_address>0x6a20</run_address>
         <size>0x20</size>
         <input_file_ref idref="fl-15"/>
      </object_component>
      <object_component id="oc-c8">
         <name>ECap3RegsFile</name>
         <uninitialized>true</uninitialized>
         <run_address>0x6a40</run_address>
         <size>0x20</size>
         <input_file_ref idref="fl-15"/>
      </object_component>
      <object_component id="oc-c9">
         <name>ECap4RegsFile</name>
         <uninitialized>true</uninitialized>
         <run_address>0x6a60</run_address>
         <size>0x20</size>
         <input_file_ref idref="fl-15"/>
      </object_component>
      <object_component id="oc-ca">
         <name>ECap5RegsFile</name>
         <uninitialized>true</uninitialized>
         <run_address>0x6a80</run_address>
         <size>0x20</size>
         <input_file_ref idref="fl-15"/>
      </object_component>
      <object_component id="oc-cb">
         <name>ECap6RegsFile</name>
         <uninitialized>true</uninitialized>
         <run_address>0x6aa0</run_address>
         <size>0x20</size>
         <input_file_ref idref="fl-15"/>
      </object_component>
      <object_component id="oc-e0">
         <name>EQep1RegsFile</name>
         <uninitialized>true</uninitialized>
         <run_address>0x6b00</run_address>
         <size>0x40</size>
         <input_file_ref idref="fl-15"/>
      </object_component>
      <object_component id="oc-e1">
         <name>EQep2RegsFile</name>
         <uninitialized>true</uninitialized>
         <run_address>0x6b40</run_address>
         <size>0x40</size>
         <input_file_ref idref="fl-15"/>
      </object_component>
      <object_component id="oc-d7">
         <name>GpioCtrlRegsFile</name>
         <uninitialized>true</uninitialized>
         <run_address>0x6f80</run_address>
         <size>0x2e</size>
         <input_file_ref idref="fl-15"/>
      </object_component>
      <object_component id="oc-cc">
         <name>GpioDataRegsFile</name>
         <uninitialized>true</uninitialized>
         <run_address>0x6fc0</run_address>
         <size>0x20</size>
         <input_file_ref idref="fl-15"/>
      </object_component>
      <object_component id="oc-bb">
         <name>GpioIntRegsFile</name>
         <uninitialized>true</uninitialized>
         <run_address>0x6fe0</run_address>
         <size>0xa</size>
         <input_file_ref idref="fl-15"/>
      </object_component>
      <object_component id="oc-cd">
         <name>SysCtrlRegsFile</name>
         <uninitialized>true</uninitialized>
         <run_address>0x7010</run_address>
         <size>0x20</size>
         <input_file_ref idref="fl-15"/>
      </object_component>
      <object_component id="oc-c1">
         <name>SpiaRegsFile</name>
         <uninitialized>true</uninitialized>
         <run_address>0x7040</run_address>
         <size>0x10</size>
         <input_file_ref idref="fl-15"/>
      </object_component>
      <object_component id="oc-be">
         <name>SciaRegsFile</name>
         <uninitialized>true</uninitialized>
         <run_address>0x7050</run_address>
         <size>0x10</size>
         <input_file_ref idref="fl-15"/>
      </object_component>
      <object_component id="oc-c2">
         <name>XIntruptRegsFile</name>
         <uninitialized>true</uninitialized>
         <run_address>0x7070</run_address>
         <size>0x10</size>
         <input_file_ref idref="fl-15"/>
      </object_component>
      <object_component id="oc-c4">
         <name>AdcRegsFile</name>
         <uninitialized>true</uninitialized>
         <run_address>0x7100</run_address>
         <size>0x1e</size>
         <input_file_ref idref="fl-15"/>
      </object_component>
      <object_component id="oc-bf">
         <name>ScibRegsFile</name>
         <uninitialized>true</uninitialized>
         <run_address>0x7750</run_address>
         <size>0x10</size>
         <input_file_ref idref="fl-15"/>
      </object_component>
      <object_component id="oc-c0">
         <name>ScicRegsFile</name>
         <uninitialized>true</uninitialized>
         <run_address>0x7770</run_address>
         <size>0x10</size>
         <input_file_ref idref="fl-15"/>
      </object_component>
      <object_component id="oc-d4">
         <name>I2caRegsFile</name>
         <uninitialized>true</uninitialized>
         <run_address>0x7900</run_address>
         <size>0x22</size>
         <input_file_ref idref="fl-15"/>
      </object_component>
      <object_component id="oc-b9">
         <name>CsmPwlFile</name>
         <uninitialized>true</uninitialized>
         <run_address>0x33fff8</run_address>
         <size>0x8</size>
         <input_file_ref idref="fl-15"/>
      </object_component>
      <object_component id="oc-4c">
         <name>.debug_info</name>
         <load_address>0x0</load_address>
         <run_address>0x0</run_address>
         <size>0x42c</size>
         <input_file_ref idref="fl-2"/>
      </object_component>
      <object_component id="oc-51">
         <name>.debug_info</name>
         <load_address>0x42c</load_address>
         <run_address>0x42c</run_address>
         <size>0x1dce</size>
         <input_file_ref idref="fl-3"/>
      </object_component>
      <object_component id="oc-56">
         <name>.debug_info</name>
         <load_address>0x21fa</load_address>
         <run_address>0x21fa</run_address>
         <size>0x2612</size>
         <input_file_ref idref="fl-4"/>
      </object_component>
      <object_component id="oc-5b">
         <name>.debug_info</name>
         <load_address>0x480c</load_address>
         <run_address>0x480c</run_address>
         <size>0x431e</size>
         <input_file_ref idref="fl-5"/>
      </object_component>
      <object_component id="oc-61">
         <name>.debug_info</name>
         <load_address>0x8b2a</load_address>
         <run_address>0x8b2a</run_address>
         <size>0x2806</size>
         <input_file_ref idref="fl-6"/>
      </object_component>
      <object_component id="oc-66">
         <name>.debug_info</name>
         <load_address>0xb330</load_address>
         <run_address>0xb330</run_address>
         <size>0x2806</size>
         <input_file_ref idref="fl-7"/>
      </object_component>
      <object_component id="oc-6d">
         <name>.debug_info</name>
         <load_address>0xdb36</load_address>
         <run_address>0xdb36</run_address>
         <size>0x3279</size>
         <input_file_ref idref="fl-8"/>
      </object_component>
      <object_component id="oc-72">
         <name>.debug_info</name>
         <load_address>0x10daf</load_address>
         <run_address>0x10daf</run_address>
         <size>0x2822</size>
         <input_file_ref idref="fl-9"/>
      </object_component>
      <object_component id="oc-77">
         <name>.debug_info</name>
         <load_address>0x135d1</load_address>
         <run_address>0x135d1</run_address>
         <size>0x166f</size>
         <input_file_ref idref="fl-a"/>
      </object_component>
      <object_component id="oc-7c">
         <name>.debug_info</name>
         <load_address>0x14c40</load_address>
         <run_address>0x14c40</run_address>
         <size>0x33e6</size>
         <input_file_ref idref="fl-b"/>
      </object_component>
      <object_component id="oc-82">
         <name>.debug_info</name>
         <load_address>0x18026</load_address>
         <run_address>0x18026</run_address>
         <size>0x3063</size>
         <input_file_ref idref="fl-c"/>
      </object_component>
      <object_component id="oc-87">
         <name>.debug_info</name>
         <load_address>0x1b089</load_address>
         <run_address>0x1b089</run_address>
         <size>0x18c6</size>
         <input_file_ref idref="fl-d"/>
      </object_component>
      <object_component id="oc-8c">
         <name>.debug_info</name>
         <load_address>0x1c94f</load_address>
         <run_address>0x1c94f</run_address>
         <size>0x3752</size>
         <input_file_ref idref="fl-e"/>
      </object_component>
      <object_component id="oc-96">
         <name>.debug_info</name>
         <load_address>0x200a1</load_address>
         <run_address>0x200a1</run_address>
         <size>0xff</size>
         <input_file_ref idref="fl-f"/>
      </object_component>
      <object_component id="oc-99">
         <name>.debug_info</name>
         <load_address>0x201a0</load_address>
         <run_address>0x201a0</run_address>
         <size>0x1e39</size>
         <input_file_ref idref="fl-10"/>
      </object_component>
      <object_component id="oc-a1">
         <name>.debug_info</name>
         <load_address>0x21fd9</load_address>
         <run_address>0x21fd9</run_address>
         <size>0x13f</size>
         <input_file_ref idref="fl-11"/>
      </object_component>
      <object_component id="oc-a4">
         <name>.debug_info</name>
         <load_address>0x22118</load_address>
         <run_address>0x22118</run_address>
         <size>0x80e</size>
         <input_file_ref idref="fl-12"/>
      </object_component>
      <object_component id="oc-aa">
         <name>.debug_info</name>
         <load_address>0x22926</load_address>
         <run_address>0x22926</run_address>
         <size>0x25dd</size>
         <input_file_ref idref="fl-13"/>
      </object_component>
      <object_component id="oc-b0">
         <name>.debug_info</name>
         <load_address>0x24f03</load_address>
         <run_address>0x24f03</run_address>
         <size>0x2036</size>
         <input_file_ref idref="fl-14"/>
      </object_component>
      <object_component id="oc-b5">
         <name>.debug_info</name>
         <load_address>0x26f39</load_address>
         <run_address>0x26f39</run_address>
         <size>0x1322d</size>
         <input_file_ref idref="fl-15"/>
      </object_component>
      <object_component id="oc-e8">
         <name>.debug_info</name>
         <load_address>0x3a166</load_address>
         <run_address>0x3a166</run_address>
         <size>0x1bd1</size>
         <input_file_ref idref="fl-16"/>
      </object_component>
      <object_component id="oc-ed">
         <name>.debug_info</name>
         <load_address>0x3bd37</load_address>
         <run_address>0x3bd37</run_address>
         <size>0xb3a</size>
         <input_file_ref idref="fl-17"/>
      </object_component>
      <object_component id="oc-f2">
         <name>.debug_info</name>
         <load_address>0x3c871</load_address>
         <run_address>0x3c871</run_address>
         <size>0x229a</size>
         <input_file_ref idref="fl-18"/>
      </object_component>
      <object_component id="oc-f7">
         <name>.debug_info</name>
         <load_address>0x3eb0b</load_address>
         <run_address>0x3eb0b</run_address>
         <size>0x1b6b</size>
         <input_file_ref idref="fl-19"/>
      </object_component>
      <object_component id="oc-fc">
         <name>.debug_info</name>
         <load_address>0x40676</load_address>
         <run_address>0x40676</run_address>
         <size>0x1b6b</size>
         <input_file_ref idref="fl-1a"/>
      </object_component>
      <object_component id="oc-101">
         <name>.debug_info</name>
         <load_address>0x421e1</load_address>
         <run_address>0x421e1</run_address>
         <size>0x1f95</size>
         <input_file_ref idref="fl-1b"/>
      </object_component>
      <object_component id="oc-108">
         <name>.debug_info</name>
         <load_address>0x44176</load_address>
         <run_address>0x44176</run_address>
         <size>0xff</size>
         <input_file_ref idref="fl-1c"/>
      </object_component>
      <object_component id="oc-10d">
         <name>.debug_info</name>
         <load_address>0x44275</load_address>
         <run_address>0x44275</run_address>
         <size>0x173</size>
         <input_file_ref idref="fl-2e"/>
      </object_component>
      <object_component id="oc-112">
         <name>.debug_info</name>
         <load_address>0x443e8</load_address>
         <run_address>0x443e8</run_address>
         <size>0x141</size>
         <input_file_ref idref="fl-2f"/>
      </object_component>
      <object_component id="oc-116">
         <name>.debug_info</name>
         <load_address>0x44529</load_address>
         <run_address>0x44529</run_address>
         <size>0x561</size>
         <input_file_ref idref="fl-30"/>
      </object_component>
      <object_component id="oc-11b">
         <name>.debug_info</name>
         <load_address>0x44a8a</load_address>
         <run_address>0x44a8a</run_address>
         <size>0x43a</size>
         <input_file_ref idref="fl-31"/>
      </object_component>
      <object_component id="oc-120">
         <name>.debug_info</name>
         <load_address>0x44ec4</load_address>
         <run_address>0x44ec4</run_address>
         <size>0x3ad</size>
         <input_file_ref idref="fl-32"/>
      </object_component>
      <object_component id="oc-125">
         <name>.debug_info</name>
         <load_address>0x45271</load_address>
         <run_address>0x45271</run_address>
         <size>0x3aa</size>
         <input_file_ref idref="fl-33"/>
      </object_component>
      <object_component id="oc-12a">
         <name>.debug_info</name>
         <load_address>0x4561b</load_address>
         <run_address>0x4561b</run_address>
         <size>0x544</size>
         <input_file_ref idref="fl-34"/>
      </object_component>
      <object_component id="oc-131">
         <name>.debug_info</name>
         <load_address>0x45b5f</load_address>
         <run_address>0x45b5f</run_address>
         <size>0x4cc</size>
         <input_file_ref idref="fl-35"/>
      </object_component>
      <object_component id="oc-136">
         <name>.debug_info</name>
         <load_address>0x4602b</load_address>
         <run_address>0x4602b</run_address>
         <size>0x467</size>
         <input_file_ref idref="fl-36"/>
      </object_component>
      <object_component id="oc-1a6">
         <name>.debug_info</name>
         <load_address>0x46492</load_address>
         <run_address>0x46492</run_address>
         <size>0xa6</size>
      </object_component>
      <object_component id="oc-4d">
         <name>.debug_frame</name>
         <load_address>0x0</load_address>
         <run_address>0x0</run_address>
         <size>0x28</size>
         <input_file_ref idref="fl-2"/>
      </object_component>
      <object_component id="oc-52">
         <name>.debug_frame</name>
         <load_address>0x28</load_address>
         <run_address>0x28</run_address>
         <size>0x40</size>
         <input_file_ref idref="fl-3"/>
      </object_component>
      <object_component id="oc-57">
         <name>.debug_frame</name>
         <load_address>0x68</load_address>
         <run_address>0x68</run_address>
         <size>0xd0</size>
         <input_file_ref idref="fl-4"/>
      </object_component>
      <object_component id="oc-5d">
         <name>.debug_frame</name>
         <load_address>0x138</load_address>
         <run_address>0x138</run_address>
         <size>0x98</size>
         <input_file_ref idref="fl-5"/>
      </object_component>
      <object_component id="oc-62">
         <name>.debug_frame</name>
         <load_address>0x1d0</load_address>
         <run_address>0x1d0</run_address>
         <size>0x28</size>
         <input_file_ref idref="fl-6"/>
      </object_component>
      <object_component id="oc-69">
         <name>.debug_frame</name>
         <load_address>0x1f8</load_address>
         <run_address>0x1f8</run_address>
         <size>0x28</size>
         <input_file_ref idref="fl-7"/>
      </object_component>
      <object_component id="oc-6e">
         <name>.debug_frame</name>
         <load_address>0x220</load_address>
         <run_address>0x220</run_address>
         <size>0x28</size>
         <input_file_ref idref="fl-8"/>
      </object_component>
      <object_component id="oc-73">
         <name>.debug_frame</name>
         <load_address>0x248</load_address>
         <run_address>0x248</run_address>
         <size>0x28</size>
         <input_file_ref idref="fl-9"/>
      </object_component>
      <object_component id="oc-78">
         <name>.debug_frame</name>
         <load_address>0x270</load_address>
         <run_address>0x270</run_address>
         <size>0x28</size>
         <input_file_ref idref="fl-a"/>
      </object_component>
      <object_component id="oc-7e">
         <name>.debug_frame</name>
         <load_address>0x298</load_address>
         <run_address>0x298</run_address>
         <size>0x50</size>
         <input_file_ref idref="fl-b"/>
      </object_component>
      <object_component id="oc-83">
         <name>.debug_frame</name>
         <load_address>0x2e8</load_address>
         <run_address>0x2e8</run_address>
         <size>0x28</size>
         <input_file_ref idref="fl-c"/>
      </object_component>
      <object_component id="oc-88">
         <name>.debug_frame</name>
         <load_address>0x310</load_address>
         <run_address>0x310</run_address>
         <size>0x28</size>
         <input_file_ref idref="fl-d"/>
      </object_component>
      <object_component id="oc-90">
         <name>.debug_frame</name>
         <load_address>0x338</load_address>
         <run_address>0x338</run_address>
         <size>0xa4</size>
         <input_file_ref idref="fl-e"/>
      </object_component>
      <object_component id="oc-9a">
         <name>.debug_frame</name>
         <load_address>0x3dc</load_address>
         <run_address>0x3dc</run_address>
         <size>0x40</size>
         <input_file_ref idref="fl-10"/>
      </object_component>
      <object_component id="oc-a6">
         <name>.debug_frame</name>
         <load_address>0x41c</load_address>
         <run_address>0x41c</run_address>
         <size>0x28</size>
         <input_file_ref idref="fl-12"/>
      </object_component>
      <object_component id="oc-ac">
         <name>.debug_frame</name>
         <load_address>0x444</load_address>
         <run_address>0x444</run_address>
         <size>0xa30</size>
         <input_file_ref idref="fl-13"/>
      </object_component>
      <object_component id="oc-b1">
         <name>.debug_frame</name>
         <load_address>0xe74</load_address>
         <run_address>0xe74</run_address>
         <size>0x118</size>
         <input_file_ref idref="fl-14"/>
      </object_component>
      <object_component id="oc-e9">
         <name>.debug_frame</name>
         <load_address>0xf8c</load_address>
         <run_address>0xf8c</run_address>
         <size>0x40</size>
         <input_file_ref idref="fl-16"/>
      </object_component>
      <object_component id="oc-ee">
         <name>.debug_frame</name>
         <load_address>0xfcc</load_address>
         <run_address>0xfcc</run_address>
         <size>0x58</size>
         <input_file_ref idref="fl-17"/>
      </object_component>
      <object_component id="oc-f3">
         <name>.debug_frame</name>
         <load_address>0x1024</load_address>
         <run_address>0x1024</run_address>
         <size>0x44</size>
         <input_file_ref idref="fl-18"/>
      </object_component>
      <object_component id="oc-f8">
         <name>.debug_frame</name>
         <load_address>0x1068</load_address>
         <run_address>0x1068</run_address>
         <size>0x28</size>
         <input_file_ref idref="fl-19"/>
      </object_component>
      <object_component id="oc-fd">
         <name>.debug_frame</name>
         <load_address>0x1090</load_address>
         <run_address>0x1090</run_address>
         <size>0x28</size>
         <input_file_ref idref="fl-1a"/>
      </object_component>
      <object_component id="oc-102">
         <name>.debug_frame</name>
         <load_address>0x10b8</load_address>
         <run_address>0x10b8</run_address>
         <size>0xc0</size>
         <input_file_ref idref="fl-1b"/>
      </object_component>
      <object_component id="oc-117">
         <name>.debug_frame</name>
         <load_address>0x1178</load_address>
         <run_address>0x1178</run_address>
         <size>0x60</size>
         <input_file_ref idref="fl-30"/>
      </object_component>
      <object_component id="oc-11c">
         <name>.debug_frame</name>
         <load_address>0x11d8</load_address>
         <run_address>0x11d8</run_address>
         <size>0x40</size>
         <input_file_ref idref="fl-31"/>
      </object_component>
      <object_component id="oc-121">
         <name>.debug_frame</name>
         <load_address>0x1218</load_address>
         <run_address>0x1218</run_address>
         <size>0x40</size>
         <input_file_ref idref="fl-32"/>
      </object_component>
      <object_component id="oc-126">
         <name>.debug_frame</name>
         <load_address>0x1258</load_address>
         <run_address>0x1258</run_address>
         <size>0x40</size>
         <input_file_ref idref="fl-33"/>
      </object_component>
      <object_component id="oc-12d">
         <name>.debug_frame</name>
         <load_address>0x1298</load_address>
         <run_address>0x1298</run_address>
         <size>0x60</size>
         <input_file_ref idref="fl-34"/>
      </object_component>
      <object_component id="oc-132">
         <name>.debug_frame</name>
         <load_address>0x12f8</load_address>
         <run_address>0x12f8</run_address>
         <size>0x70</size>
         <input_file_ref idref="fl-35"/>
      </object_component>
      <object_component id="oc-137">
         <name>.debug_frame</name>
         <load_address>0x1368</load_address>
         <run_address>0x1368</run_address>
         <size>0x40</size>
         <input_file_ref idref="fl-36"/>
      </object_component>
      <object_component id="oc-4e">
         <name>.debug_line</name>
         <load_address>0x0</load_address>
         <run_address>0x0</run_address>
         <size>0x35</size>
         <input_file_ref idref="fl-2"/>
      </object_component>
      <object_component id="oc-53">
         <name>.debug_line</name>
         <load_address>0x35</load_address>
         <run_address>0x35</run_address>
         <size>0x58</size>
         <input_file_ref idref="fl-3"/>
      </object_component>
      <object_component id="oc-58">
         <name>.debug_line</name>
         <load_address>0x8d</load_address>
         <run_address>0x8d</run_address>
         <size>0x103</size>
         <input_file_ref idref="fl-4"/>
      </object_component>
      <object_component id="oc-5e">
         <name>.debug_line</name>
         <load_address>0x190</load_address>
         <run_address>0x190</run_address>
         <size>0x8a</size>
         <input_file_ref idref="fl-5"/>
      </object_component>
      <object_component id="oc-63">
         <name>.debug_line</name>
         <load_address>0x21a</load_address>
         <run_address>0x21a</run_address>
         <size>0x31</size>
         <input_file_ref idref="fl-6"/>
      </object_component>
      <object_component id="oc-6a">
         <name>.debug_line</name>
         <load_address>0x24b</load_address>
         <run_address>0x24b</run_address>
         <size>0x31</size>
         <input_file_ref idref="fl-7"/>
      </object_component>
      <object_component id="oc-6f">
         <name>.debug_line</name>
         <load_address>0x27c</load_address>
         <run_address>0x27c</run_address>
         <size>0x35</size>
         <input_file_ref idref="fl-8"/>
      </object_component>
      <object_component id="oc-74">
         <name>.debug_line</name>
         <load_address>0x2b1</load_address>
         <run_address>0x2b1</run_address>
         <size>0x31</size>
         <input_file_ref idref="fl-9"/>
      </object_component>
      <object_component id="oc-79">
         <name>.debug_line</name>
         <load_address>0x2e2</load_address>
         <run_address>0x2e2</run_address>
         <size>0x31</size>
         <input_file_ref idref="fl-a"/>
      </object_component>
      <object_component id="oc-7f">
         <name>.debug_line</name>
         <load_address>0x313</load_address>
         <run_address>0x313</run_address>
         <size>0x4e</size>
         <input_file_ref idref="fl-b"/>
      </object_component>
      <object_component id="oc-84">
         <name>.debug_line</name>
         <load_address>0x361</load_address>
         <run_address>0x361</run_address>
         <size>0x39</size>
         <input_file_ref idref="fl-c"/>
      </object_component>
      <object_component id="oc-89">
         <name>.debug_line</name>
         <load_address>0x39a</load_address>
         <run_address>0x39a</run_address>
         <size>0x33</size>
         <input_file_ref idref="fl-d"/>
      </object_component>
      <object_component id="oc-91">
         <name>.debug_line</name>
         <load_address>0x3cd</load_address>
         <run_address>0x3cd</run_address>
         <size>0xb9</size>
         <input_file_ref idref="fl-e"/>
      </object_component>
      <object_component id="oc-95">
         <name>.debug_line</name>
         <load_address>0x486</load_address>
         <run_address>0x486</run_address>
         <size>0x52</size>
         <input_file_ref idref="fl-f"/>
      </object_component>
      <object_component id="oc-9b">
         <name>.debug_line</name>
         <load_address>0x4d8</load_address>
         <run_address>0x4d8</run_address>
         <size>0x5a</size>
         <input_file_ref idref="fl-10"/>
      </object_component>
      <object_component id="oc-a0">
         <name>.debug_line</name>
         <load_address>0x532</load_address>
         <run_address>0x532</run_address>
         <size>0x6a</size>
         <input_file_ref idref="fl-11"/>
      </object_component>
      <object_component id="oc-a7">
         <name>.debug_line</name>
         <load_address>0x59c</load_address>
         <run_address>0x59c</run_address>
         <size>0x41</size>
         <input_file_ref idref="fl-12"/>
      </object_component>
      <object_component id="oc-ad">
         <name>.debug_line</name>
         <load_address>0x5dd</load_address>
         <run_address>0x5dd</run_address>
         <size>0x76b</size>
         <input_file_ref idref="fl-13"/>
      </object_component>
      <object_component id="oc-b2">
         <name>.debug_line</name>
         <load_address>0xd48</load_address>
         <run_address>0xd48</run_address>
         <size>0x167</size>
         <input_file_ref idref="fl-14"/>
      </object_component>
      <object_component id="oc-ea">
         <name>.debug_line</name>
         <load_address>0xeaf</load_address>
         <run_address>0xeaf</run_address>
         <size>0x63</size>
         <input_file_ref idref="fl-16"/>
      </object_component>
      <object_component id="oc-ef">
         <name>.debug_line</name>
         <load_address>0xf12</load_address>
         <run_address>0xf12</run_address>
         <size>0x8f</size>
         <input_file_ref idref="fl-17"/>
      </object_component>
      <object_component id="oc-f4">
         <name>.debug_line</name>
         <load_address>0xfa1</load_address>
         <run_address>0xfa1</run_address>
         <size>0x71</size>
         <input_file_ref idref="fl-18"/>
      </object_component>
      <object_component id="oc-f9">
         <name>.debug_line</name>
         <load_address>0x1012</load_address>
         <run_address>0x1012</run_address>
         <size>0x3b</size>
         <input_file_ref idref="fl-19"/>
      </object_component>
      <object_component id="oc-fe">
         <name>.debug_line</name>
         <load_address>0x104d</load_address>
         <run_address>0x104d</run_address>
         <size>0x3b</size>
         <input_file_ref idref="fl-1a"/>
      </object_component>
      <object_component id="oc-103">
         <name>.debug_line</name>
         <load_address>0x1088</load_address>
         <run_address>0x1088</run_address>
         <size>0x14e</size>
         <input_file_ref idref="fl-1b"/>
      </object_component>
      <object_component id="oc-107">
         <name>.debug_line</name>
         <load_address>0x11d6</load_address>
         <run_address>0x11d6</run_address>
         <size>0x51</size>
         <input_file_ref idref="fl-1c"/>
      </object_component>
      <object_component id="oc-10e">
         <name>.debug_line</name>
         <load_address>0x1227</load_address>
         <run_address>0x1227</run_address>
         <size>0x7e</size>
         <input_file_ref idref="fl-2e"/>
      </object_component>
      <object_component id="oc-113">
         <name>.debug_line</name>
         <load_address>0x12a5</load_address>
         <run_address>0x12a5</run_address>
         <size>0x52</size>
         <input_file_ref idref="fl-2f"/>
      </object_component>
      <object_component id="oc-118">
         <name>.debug_line</name>
         <load_address>0x12f7</load_address>
         <run_address>0x12f7</run_address>
         <size>0x50</size>
         <input_file_ref idref="fl-30"/>
      </object_component>
      <object_component id="oc-11d">
         <name>.debug_line</name>
         <load_address>0x1347</load_address>
         <run_address>0x1347</run_address>
         <size>0x62</size>
         <input_file_ref idref="fl-31"/>
      </object_component>
      <object_component id="oc-122">
         <name>.debug_line</name>
         <load_address>0x13a9</load_address>
         <run_address>0x13a9</run_address>
         <size>0x3e</size>
         <input_file_ref idref="fl-32"/>
      </object_component>
      <object_component id="oc-127">
         <name>.debug_line</name>
         <load_address>0x13e7</load_address>
         <run_address>0x13e7</run_address>
         <size>0x3a</size>
         <input_file_ref idref="fl-33"/>
      </object_component>
      <object_component id="oc-12e">
         <name>.debug_line</name>
         <load_address>0x1421</load_address>
         <run_address>0x1421</run_address>
         <size>0x65</size>
         <input_file_ref idref="fl-34"/>
      </object_component>
      <object_component id="oc-133">
         <name>.debug_line</name>
         <load_address>0x1486</load_address>
         <run_address>0x1486</run_address>
         <size>0x5e</size>
         <input_file_ref idref="fl-35"/>
      </object_component>
      <object_component id="oc-138">
         <name>.debug_line</name>
         <load_address>0x14e4</load_address>
         <run_address>0x14e4</run_address>
         <size>0x4f</size>
         <input_file_ref idref="fl-36"/>
      </object_component>
      <object_component id="oc-4f">
         <name>.debug_abbrev</name>
         <load_address>0x0</load_address>
         <run_address>0x0</run_address>
         <size>0x111</size>
         <input_file_ref idref="fl-2"/>
      </object_component>
      <object_component id="oc-54">
         <name>.debug_abbrev</name>
         <load_address>0x111</load_address>
         <run_address>0x111</run_address>
         <size>0xf8</size>
         <input_file_ref idref="fl-3"/>
      </object_component>
      <object_component id="oc-59">
         <name>.debug_abbrev</name>
         <load_address>0x209</load_address>
         <run_address>0x209</run_address>
         <size>0x114</size>
         <input_file_ref idref="fl-4"/>
      </object_component>
      <object_component id="oc-5f">
         <name>.debug_abbrev</name>
         <load_address>0x31d</load_address>
         <run_address>0x31d</run_address>
         <size>0x12f</size>
         <input_file_ref idref="fl-5"/>
      </object_component>
      <object_component id="oc-64">
         <name>.debug_abbrev</name>
         <load_address>0x44c</load_address>
         <run_address>0x44c</run_address>
         <size>0x146</size>
         <input_file_ref idref="fl-6"/>
      </object_component>
      <object_component id="oc-6b">
         <name>.debug_abbrev</name>
         <load_address>0x592</load_address>
         <run_address>0x592</run_address>
         <size>0x146</size>
         <input_file_ref idref="fl-7"/>
      </object_component>
      <object_component id="oc-70">
         <name>.debug_abbrev</name>
         <load_address>0x6d8</load_address>
         <run_address>0x6d8</run_address>
         <size>0x11d</size>
         <input_file_ref idref="fl-8"/>
      </object_component>
      <object_component id="oc-75">
         <name>.debug_abbrev</name>
         <load_address>0x7f5</load_address>
         <run_address>0x7f5</run_address>
         <size>0x12d</size>
         <input_file_ref idref="fl-9"/>
      </object_component>
      <object_component id="oc-7a">
         <name>.debug_abbrev</name>
         <load_address>0x922</load_address>
         <run_address>0x922</run_address>
         <size>0x13d</size>
         <input_file_ref idref="fl-a"/>
      </object_component>
      <object_component id="oc-80">
         <name>.debug_abbrev</name>
         <load_address>0xa5f</load_address>
         <run_address>0xa5f</run_address>
         <size>0x162</size>
         <input_file_ref idref="fl-b"/>
      </object_component>
      <object_component id="oc-85">
         <name>.debug_abbrev</name>
         <load_address>0xbc1</load_address>
         <run_address>0xbc1</run_address>
         <size>0x12b</size>
         <input_file_ref idref="fl-c"/>
      </object_component>
      <object_component id="oc-8a">
         <name>.debug_abbrev</name>
         <load_address>0xcec</load_address>
         <run_address>0xcec</run_address>
         <size>0x11d</size>
         <input_file_ref idref="fl-d"/>
      </object_component>
      <object_component id="oc-92">
         <name>.debug_abbrev</name>
         <load_address>0xe09</load_address>
         <run_address>0xe09</run_address>
         <size>0x164</size>
         <input_file_ref idref="fl-e"/>
      </object_component>
      <object_component id="oc-97">
         <name>.debug_abbrev</name>
         <load_address>0xf6d</load_address>
         <run_address>0xf6d</run_address>
         <size>0x2f</size>
         <input_file_ref idref="fl-f"/>
      </object_component>
      <object_component id="oc-9c">
         <name>.debug_abbrev</name>
         <load_address>0xf9c</load_address>
         <run_address>0xf9c</run_address>
         <size>0x10f</size>
         <input_file_ref idref="fl-10"/>
      </object_component>
      <object_component id="oc-a2">
         <name>.debug_abbrev</name>
         <load_address>0x10ab</load_address>
         <run_address>0x10ab</run_address>
         <size>0x21</size>
         <input_file_ref idref="fl-11"/>
      </object_component>
      <object_component id="oc-a8">
         <name>.debug_abbrev</name>
         <load_address>0x10cc</load_address>
         <run_address>0x10cc</run_address>
         <size>0xfd</size>
         <input_file_ref idref="fl-12"/>
      </object_component>
      <object_component id="oc-ae">
         <name>.debug_abbrev</name>
         <load_address>0x11c9</load_address>
         <run_address>0x11c9</run_address>
         <size>0xde</size>
         <input_file_ref idref="fl-13"/>
      </object_component>
      <object_component id="oc-b3">
         <name>.debug_abbrev</name>
         <load_address>0x12a7</load_address>
         <run_address>0x12a7</run_address>
         <size>0x111</size>
         <input_file_ref idref="fl-14"/>
      </object_component>
      <object_component id="oc-e7">
         <name>.debug_abbrev</name>
         <load_address>0x13b8</load_address>
         <run_address>0x13b8</run_address>
         <size>0xb7</size>
         <input_file_ref idref="fl-15"/>
      </object_component>
      <object_component id="oc-eb">
         <name>.debug_abbrev</name>
         <load_address>0x146f</load_address>
         <run_address>0x146f</run_address>
         <size>0xdc</size>
         <input_file_ref idref="fl-16"/>
      </object_component>
      <object_component id="oc-f0">
         <name>.debug_abbrev</name>
         <load_address>0x154b</load_address>
         <run_address>0x154b</run_address>
         <size>0xc8</size>
         <input_file_ref idref="fl-17"/>
      </object_component>
      <object_component id="oc-f5">
         <name>.debug_abbrev</name>
         <load_address>0x1613</load_address>
         <run_address>0x1613</run_address>
         <size>0x116</size>
         <input_file_ref idref="fl-18"/>
      </object_component>
      <object_component id="oc-fa">
         <name>.debug_abbrev</name>
         <load_address>0x1729</load_address>
         <run_address>0x1729</run_address>
         <size>0xea</size>
         <input_file_ref idref="fl-19"/>
      </object_component>
      <object_component id="oc-ff">
         <name>.debug_abbrev</name>
         <load_address>0x1813</load_address>
         <run_address>0x1813</run_address>
         <size>0xea</size>
         <input_file_ref idref="fl-1a"/>
      </object_component>
      <object_component id="oc-104">
         <name>.debug_abbrev</name>
         <load_address>0x18fd</load_address>
         <run_address>0x18fd</run_address>
         <size>0x17b</size>
         <input_file_ref idref="fl-1b"/>
      </object_component>
      <object_component id="oc-109">
         <name>.debug_abbrev</name>
         <load_address>0x1a78</load_address>
         <run_address>0x1a78</run_address>
         <size>0x2f</size>
         <input_file_ref idref="fl-1c"/>
      </object_component>
      <object_component id="oc-10f">
         <name>.debug_abbrev</name>
         <load_address>0x1aa7</load_address>
         <run_address>0x1aa7</run_address>
         <size>0x46</size>
         <input_file_ref idref="fl-2e"/>
      </object_component>
      <object_component id="oc-114">
         <name>.debug_abbrev</name>
         <load_address>0x1aed</load_address>
         <run_address>0x1aed</run_address>
         <size>0x38</size>
         <input_file_ref idref="fl-2f"/>
      </object_component>
      <object_component id="oc-119">
         <name>.debug_abbrev</name>
         <load_address>0x1b25</load_address>
         <run_address>0x1b25</run_address>
         <size>0xe3</size>
         <input_file_ref idref="fl-30"/>
      </object_component>
      <object_component id="oc-11e">
         <name>.debug_abbrev</name>
         <load_address>0x1c08</load_address>
         <run_address>0x1c08</run_address>
         <size>0xa8</size>
         <input_file_ref idref="fl-31"/>
      </object_component>
      <object_component id="oc-123">
         <name>.debug_abbrev</name>
         <load_address>0x1cb0</load_address>
         <run_address>0x1cb0</run_address>
         <size>0x68</size>
         <input_file_ref idref="fl-32"/>
      </object_component>
      <object_component id="oc-128">
         <name>.debug_abbrev</name>
         <load_address>0x1d18</load_address>
         <run_address>0x1d18</run_address>
         <size>0x66</size>
         <input_file_ref idref="fl-33"/>
      </object_component>
      <object_component id="oc-12f">
         <name>.debug_abbrev</name>
         <load_address>0x1d7e</load_address>
         <run_address>0x1d7e</run_address>
         <size>0x130</size>
         <input_file_ref idref="fl-34"/>
      </object_component>
      <object_component id="oc-134">
         <name>.debug_abbrev</name>
         <load_address>0x1eae</load_address>
         <run_address>0x1eae</run_address>
         <size>0xb2</size>
         <input_file_ref idref="fl-35"/>
      </object_component>
      <object_component id="oc-139">
         <name>.debug_abbrev</name>
         <load_address>0x1f60</load_address>
         <run_address>0x1f60</run_address>
         <size>0xee</size>
         <input_file_ref idref="fl-36"/>
      </object_component>
      <object_component id="oc-1a7">
         <name>.debug_abbrev</name>
         <load_address>0x204e</load_address>
         <run_address>0x204e</run_address>
         <size>0xf</size>
      </object_component>
      <object_component id="oc-50">
         <name>.debug_aranges</name>
         <load_address>0x0</load_address>
         <run_address>0x0</run_address>
         <size>0x18</size>
         <input_file_ref idref="fl-2"/>
      </object_component>
      <object_component id="oc-55">
         <name>.debug_aranges</name>
         <load_address>0x18</load_address>
         <run_address>0x18</run_address>
         <size>0x20</size>
         <input_file_ref idref="fl-3"/>
      </object_component>
      <object_component id="oc-5a">
         <name>.debug_aranges</name>
         <load_address>0x38</load_address>
         <run_address>0x38</run_address>
         <size>0x48</size>
         <input_file_ref idref="fl-4"/>
      </object_component>
      <object_component id="oc-60">
         <name>.debug_aranges</name>
         <load_address>0x80</load_address>
         <run_address>0x80</run_address>
         <size>0x28</size>
         <input_file_ref idref="fl-5"/>
      </object_component>
      <object_component id="oc-65">
         <name>.debug_aranges</name>
         <load_address>0xa8</load_address>
         <run_address>0xa8</run_address>
         <size>0x18</size>
         <input_file_ref idref="fl-6"/>
      </object_component>
      <object_component id="oc-6c">
         <name>.debug_aranges</name>
         <load_address>0xc0</load_address>
         <run_address>0xc0</run_address>
         <size>0x18</size>
         <input_file_ref idref="fl-7"/>
      </object_component>
      <object_component id="oc-71">
         <name>.debug_aranges</name>
         <load_address>0xd8</load_address>
         <run_address>0xd8</run_address>
         <size>0x18</size>
         <input_file_ref idref="fl-8"/>
      </object_component>
      <object_component id="oc-76">
         <name>.debug_aranges</name>
         <load_address>0xf0</load_address>
         <run_address>0xf0</run_address>
         <size>0x18</size>
         <input_file_ref idref="fl-9"/>
      </object_component>
      <object_component id="oc-7b">
         <name>.debug_aranges</name>
         <load_address>0x108</load_address>
         <run_address>0x108</run_address>
         <size>0x18</size>
         <input_file_ref idref="fl-a"/>
      </object_component>
      <object_component id="oc-81">
         <name>.debug_aranges</name>
         <load_address>0x120</load_address>
         <run_address>0x120</run_address>
         <size>0x20</size>
         <input_file_ref idref="fl-b"/>
      </object_component>
      <object_component id="oc-86">
         <name>.debug_aranges</name>
         <load_address>0x140</load_address>
         <run_address>0x140</run_address>
         <size>0x18</size>
         <input_file_ref idref="fl-c"/>
      </object_component>
      <object_component id="oc-8b">
         <name>.debug_aranges</name>
         <load_address>0x158</load_address>
         <run_address>0x158</run_address>
         <size>0x18</size>
         <input_file_ref idref="fl-d"/>
      </object_component>
      <object_component id="oc-93">
         <name>.debug_aranges</name>
         <load_address>0x170</load_address>
         <run_address>0x170</run_address>
         <size>0x28</size>
         <input_file_ref idref="fl-e"/>
      </object_component>
      <object_component id="oc-98">
         <name>.debug_aranges</name>
         <load_address>0x198</load_address>
         <run_address>0x198</run_address>
         <size>0x20</size>
         <input_file_ref idref="fl-f"/>
      </object_component>
      <object_component id="oc-9d">
         <name>.debug_aranges</name>
         <load_address>0x1b8</load_address>
         <run_address>0x1b8</run_address>
         <size>0x20</size>
         <input_file_ref idref="fl-10"/>
      </object_component>
      <object_component id="oc-a3">
         <name>.debug_aranges</name>
         <load_address>0x1d8</load_address>
         <run_address>0x1d8</run_address>
         <size>0x28</size>
         <input_file_ref idref="fl-11"/>
      </object_component>
      <object_component id="oc-a9">
         <name>.debug_aranges</name>
         <load_address>0x200</load_address>
         <run_address>0x200</run_address>
         <size>0x18</size>
         <input_file_ref idref="fl-12"/>
      </object_component>
      <object_component id="oc-af">
         <name>.debug_aranges</name>
         <load_address>0x218</load_address>
         <run_address>0x218</run_address>
         <size>0x298</size>
         <input_file_ref idref="fl-13"/>
      </object_component>
      <object_component id="oc-b4">
         <name>.debug_aranges</name>
         <load_address>0x4b0</load_address>
         <run_address>0x4b0</run_address>
         <size>0x68</size>
         <input_file_ref idref="fl-14"/>
      </object_component>
      <object_component id="oc-ec">
         <name>.debug_aranges</name>
         <load_address>0x518</load_address>
         <run_address>0x518</run_address>
         <size>0x20</size>
         <input_file_ref idref="fl-16"/>
      </object_component>
      <object_component id="oc-f1">
         <name>.debug_aranges</name>
         <load_address>0x538</load_address>
         <run_address>0x538</run_address>
         <size>0x28</size>
         <input_file_ref idref="fl-17"/>
      </object_component>
      <object_component id="oc-f6">
         <name>.debug_aranges</name>
         <load_address>0x560</load_address>
         <run_address>0x560</run_address>
         <size>0x20</size>
         <input_file_ref idref="fl-18"/>
      </object_component>
      <object_component id="oc-fb">
         <name>.debug_aranges</name>
         <load_address>0x580</load_address>
         <run_address>0x580</run_address>
         <size>0x18</size>
         <input_file_ref idref="fl-19"/>
      </object_component>
      <object_component id="oc-100">
         <name>.debug_aranges</name>
         <load_address>0x598</load_address>
         <run_address>0x598</run_address>
         <size>0x18</size>
         <input_file_ref idref="fl-1a"/>
      </object_component>
      <object_component id="oc-105">
         <name>.debug_aranges</name>
         <load_address>0x5b0</load_address>
         <run_address>0x5b0</run_address>
         <size>0x48</size>
         <input_file_ref idref="fl-1b"/>
      </object_component>
      <object_component id="oc-10a">
         <name>.debug_aranges</name>
         <load_address>0x5f8</load_address>
         <run_address>0x5f8</run_address>
         <size>0x20</size>
         <input_file_ref idref="fl-1c"/>
      </object_component>
      <object_component id="oc-110">
         <name>.debug_aranges</name>
         <load_address>0x618</load_address>
         <run_address>0x618</run_address>
         <size>0x20</size>
         <input_file_ref idref="fl-2e"/>
      </object_component>
      <object_component id="oc-115">
         <name>.debug_aranges</name>
         <load_address>0x638</load_address>
         <run_address>0x638</run_address>
         <size>0x28</size>
         <input_file_ref idref="fl-2f"/>
      </object_component>
      <object_component id="oc-11a">
         <name>.debug_aranges</name>
         <load_address>0x660</load_address>
         <run_address>0x660</run_address>
         <size>0x20</size>
         <input_file_ref idref="fl-30"/>
      </object_component>
      <object_component id="oc-11f">
         <name>.debug_aranges</name>
         <load_address>0x680</load_address>
         <run_address>0x680</run_address>
         <size>0x20</size>
         <input_file_ref idref="fl-31"/>
      </object_component>
      <object_component id="oc-124">
         <name>.debug_aranges</name>
         <load_address>0x6a0</load_address>
         <run_address>0x6a0</run_address>
         <size>0x20</size>
         <input_file_ref idref="fl-32"/>
      </object_component>
      <object_component id="oc-129">
         <name>.debug_aranges</name>
         <load_address>0x6c0</load_address>
         <run_address>0x6c0</run_address>
         <size>0x20</size>
         <input_file_ref idref="fl-33"/>
      </object_component>
      <object_component id="oc-130">
         <name>.debug_aranges</name>
         <load_address>0x6e0</load_address>
         <run_address>0x6e0</run_address>
         <size>0x28</size>
         <input_file_ref idref="fl-34"/>
      </object_component>
      <object_component id="oc-135">
         <name>.debug_aranges</name>
         <load_address>0x708</load_address>
         <run_address>0x708</run_address>
         <size>0x30</size>
         <input_file_ref idref="fl-35"/>
      </object_component>
      <object_component id="oc-13a">
         <name>.debug_aranges</name>
         <load_address>0x738</load_address>
         <run_address>0x738</run_address>
         <size>0x20</size>
         <input_file_ref idref="fl-36"/>
      </object_component>
   </object_component_list>
   <logical_group_list>
      <logical_group id="lg-2" display="no" color="cyan">
         <name>codestart</name>
         <load_address>0x0</load_address>
         <run_address>0x0</run_address>
         <size>0x2</size>
         <contents>
            <object_component_ref idref="oc-9f"/>
         </contents>
      </logical_group>
      <logical_group id="lg-3" display="no" color="cyan">
         <name>ramfuncs</name>
         <load_address>0x804e</load_address>
         <run_address>0x804e</run_address>
         <size>0x4</size>
         <contents>
            <object_component_ref idref="oc-106"/>
         </contents>
      </logical_group>
      <logical_group id="lg-4" display="no" color="cyan">
         <name>.text</name>
         <load_address>0x9000</load_address>
         <run_address>0x9000</run_address>
         <size>0x880</size>
         <contents>
            <object_component_ref idref="oc-ab"/>
            <object_component_ref idref="oc-145"/>
            <object_component_ref idref="oc-8f"/>
            <object_component_ref idref="oc-14b"/>
            <object_component_ref idref="oc-147"/>
            <object_component_ref idref="oc-4b"/>
            <object_component_ref idref="oc-5c"/>
            <object_component_ref idref="oc-142"/>
            <object_component_ref idref="oc-13f"/>
            <object_component_ref idref="oc-148"/>
            <object_component_ref idref="oc-14a"/>
            <object_component_ref idref="oc-13c"/>
            <object_component_ref idref="oc-149"/>
            <object_component_ref idref="oc-141"/>
            <object_component_ref idref="oc-146"/>
            <object_component_ref idref="oc-7d"/>
            <object_component_ref idref="oc-14f"/>
            <object_component_ref idref="oc-13e"/>
            <object_component_ref idref="oc-111"/>
            <object_component_ref idref="oc-14c"/>
            <object_component_ref idref="oc-9e"/>
            <object_component_ref idref="oc-13b"/>
            <object_component_ref idref="oc-13d"/>
         </contents>
      </logical_group>
      <logical_group id="lg-5" display="no" color="cyan">
         <name>.cinit</name>
         <load_address>0x8000</load_address>
         <run_address>0x8000</run_address>
         <size>0x4e</size>
         <contents>
            <object_component_ref idref="oc-8d"/>
            <object_component_ref idref="oc-12b"/>
            <object_component_ref idref="oc-67"/>
            <object_component_ref idref="oc-144"/>
            <object_component_ref idref="oc-14d"/>
         </contents>
      </logical_group>
      <logical_group id="lg-6" display="no" color="cyan">
         <name>.pinit</name>
         <run_address>0x0</run_address>
         <size>0x0</size>
         <contents>
         </contents>
      </logical_group>
      <logical_group id="lg-7" display="no" color="cyan">
         <name>.switch</name>
         <run_address>0x0</run_address>
         <size>0x0</size>
         <contents>
         </contents>
      </logical_group>
      <logical_group id="lg-8" display="no" color="cyan">
         <name>.stack</name>
         <run_address>0x400</run_address>
         <size>0x300</size>
         <contents>
            <object_component_ref idref="oc-10b"/>
            <object_component_ref idref="oc-1a5"/>
         </contents>
      </logical_group>
      <logical_group id="lg-9" display="no" color="cyan">
         <name>.ebss</name>
         <run_address>0xc000</run_address>
         <size>0x50</size>
         <contents>
            <object_component_ref idref="oc-68"/>
            <object_component_ref idref="oc-8e"/>
            <object_component_ref idref="oc-140"/>
            <object_component_ref idref="oc-a5"/>
            <object_component_ref idref="oc-12c"/>
            <object_component_ref idref="oc-143"/>
            <object_component_ref idref="oc-150"/>
         </contents>
      </logical_group>
      <logical_group id="lg-a" display="no" color="cyan">
         <name>.econst</name>
         <load_address>0xd000</load_address>
         <run_address>0xd000</run_address>
         <size>0x100</size>
         <contents>
            <object_component_ref idref="oc-14e"/>
         </contents>
      </logical_group>
      <logical_group id="lg-b" display="no" color="cyan">
         <name>.esysmem</name>
         <run_address>0x0</run_address>
         <size>0x0</size>
         <contents>
         </contents>
      </logical_group>
      <logical_group id="lg-c" display="no" color="cyan">
         <name>IQmath</name>
         <run_address>0x0</run_address>
         <size>0x0</size>
         <contents>
         </contents>
      </logical_group>
      <logical_group id="lg-d" display="no" color="cyan">
         <name>IQmathTables</name>
         <run_address>0x0</run_address>
         <size>0x0</size>
         <contents>
         </contents>
      </logical_group>
      <logical_group id="lg-e" display="no" color="cyan">
         <name>IQmathTables2</name>
         <run_address>0x0</run_address>
         <size>0x0</size>
         <contents>
         </contents>
      </logical_group>
      <logical_group id="lg-f" display="no" color="cyan">
         <name>FPUmathTables</name>
         <run_address>0x0</run_address>
         <size>0x0</size>
         <contents>
         </contents>
[...]
         <name>_DINTCH6_ISR</name>
         <value>0x923a</value>
         <object_component_ref idref="oc-ab"/>
      </symbol>
      <symbol id="sm-258">
         <name>_USER12_ISR</name>
         <value>0x90b4</value>
         <object_component_ref idref="oc-ab"/>
      </symbol>
      <symbol id="sm-25a">
         <name>_ADCINT_ISR</name>
         <value>0x90e6</value>
         <object_component_ref idref="oc-ab"/>
      </symbol>
      <symbol id="sm-25c">
         <name>_USER1_ISR</name>
         <value>0x9046</value>
         <object_component_ref idref="oc-ab"/>
      </symbol>
      <symbol id="sm-25e">
         <name>_XINT3_ISR</name>
         <value>0x92bc</value>
         <object_component_ref idref="oc-ab"/>
      </symbol>
      <symbol id="sm-260">
         <name>_EPWM5_INT_ISR</name>
         <value>0x9168</value>
         <object_component_ref idref="oc-ab"/>
      </symbol>
      <symbol id="sm-262">
         <name>_NMI_ISR</name>
         <value>0x9032</value>
         <object_component_ref idref="oc-ab"/>
      </symbol>
      <symbol id="sm-264">
         <name>_SCITXINTB_ISR</name>
         <value>0x928a</value>
         <object_component_ref idref="oc-ab"/>
      </symbol>
      <symbol id="sm-266">
         <name>_SCIRXINTB_ISR</name>
         <value>0x9280</value>
         <object_component_ref idref="oc-ab"/>
      </symbol>
      <symbol id="sm-268">
         <name>_ECAN1INTA_ISR</name>
         <value>0x929e</value>
         <object_component_ref idref="oc-ab"/>
      </symbol>
      <symbol id="sm-26a">
         <name>_ECAP2_INT_ISR</name>
         <value>0x9186</value>
         <object_component_ref idref="oc-ab"/>
      </symbol>
      <symbol id="sm-26c">
         <name>_PIE_RESERVED</name>
         <value>0x930f</value>
         <object_component_ref idref="oc-ab"/>
      </symbol>
      <symbol id="sm-26e">
         <name>_I2CINT1A_ISR</name>
         <value>0x9244</value>
         <object_component_ref idref="oc-ab"/>
      </symbol>
      <symbol id="sm-270">
         <name>_XINT2_ISR</name>
         <value>0x90dc</value>
         <object_component_ref idref="oc-ab"/>
      </symbol>
      <symbol id="sm-272">
         <name>_I2CINT2A_ISR</name>
         <value>0x924e</value>
         <object_component_ref idref="oc-ab"/>
      </symbol>
      <symbol id="sm-274">
         <name>_SCITXINTC_ISR</name>
         <value>0x9262</value>
         <object_component_ref idref="oc-ab"/>
      </symbol>
      <symbol id="sm-276">
         <name>_SCIRXINTC_ISR</name>
         <value>0x9258</value>
         <object_component_ref idref="oc-ab"/>
      </symbol>
      <symbol id="sm-278">
         <name>_RTOSINT_ISR</name>
         <value>0x901e</value>
         <object_component_ref idref="oc-ab"/>
      </symbol>
      <symbol id="sm-27a">
         <name>_EPWM3_INT_ISR</name>
         <value>0x9154</value>
         <object_component_ref idref="oc-ab"/>
      </symbol>
      <symbol id="sm-27c">
         <name>_ECAN1INTB_ISR</name>
         <value>0x92b2</value>
         <object_component_ref idref="oc-ab"/>
      </symbol>
      <symbol id="sm-27e">
         <name>_USER9_ISR</name>
         <value>0x9096</value>
         <object_component_ref idref="oc-ab"/>
      </symbol>
      <symbol id="sm-280">
         <name>_USER3_ISR</name>
         <value>0x905a</value>
         <object_component_ref idref="oc-ab"/>
      </symbol>
      <symbol id="sm-282">
         <name>_EQEP1_INT_ISR</name>
         <value>0x91b8</value>
         <object_component_ref idref="oc-ab"/>
      </symbol>
      <symbol id="sm-284">
         <name>_MRINTB_ISR</name>
         <value>0x91e0</value>
         <object_component_ref idref="oc-ab"/>
      </symbol>
      <symbol id="sm-286">
         <name>_DINTCH1_ISR</name>
         <value>0x9208</value>
         <object_component_ref idref="oc-ab"/>
      </symbol>
      <symbol id="sm-288">
         <name>_USER8_ISR</name>
         <value>0x908c</value>
         <object_component_ref idref="oc-ab"/>
      </symbol>
      <symbol id="sm-28a">
         <name>_EPWM1_INT_ISR</name>
         <value>0x9140</value>
         <object_component_ref idref="oc-ab"/>
      </symbol>
      <symbol id="sm-28c">
         <name>_SEQ2INT_ISR</name>
         <value>0x90c8</value>
         <object_component_ref idref="oc-ab"/>
      </symbol>
      <symbol id="sm-28e">
         <name>_USER2_ISR</name>
         <value>0x9050</value>
         <object_component_ref idref="oc-ab"/>
      </symbol>
      <symbol id="sm-290">
         <name>_LUF_ISR</name>
         <value>0x92f8</value>
         <object_component_ref idref="oc-ab"/>
      </symbol>
      <symbol id="sm-292">
         <name>_LVF_ISR</name>
         <value>0x92ee</value>
         <object_component_ref idref="oc-ab"/>
      </symbol>
      <symbol id="sm-294">
         <name>_SCITXINTA_ISR</name>
         <value>0x9276</value>
         <object_component_ref idref="oc-ab"/>
      </symbol>
      <symbol id="sm-296">
         <name>_SCIRXINTA_ISR</name>
         <value>0x926c</value>
         <object_component_ref idref="oc-ab"/>
      </symbol>
      <symbol id="sm-298">
         <name>_rsvd_ISR</name>
         <value>0x9319</value>
         <object_component_ref idref="oc-ab"/>
      </symbol>
      <symbol id="sm-29a">
         <name>_ECAP5_INT_ISR</name>
         <value>0x91a4</value>
         <object_component_ref idref="oc-ab"/>
      </symbol>
      <symbol id="sm-29c">
         <name>_DINTCH2_ISR</name>
         <value>0x9212</value>
         <object_component_ref idref="oc-ab"/>
      </symbol>
      <symbol id="sm-29e">
         <name>_XINT5_ISR</name>
         <value>0x92d0</value>
         <object_component_ref idref="oc-ab"/>
      </symbol>
      <symbol id="sm-2ab">
         <name>_InitEPwm3Gpio</name>
         <value>0x95de</value>
         <object_component_ref idref="oc-147"/>
      </symbol>
      <symbol id="sm-2ad">
         <name>_InitTzGpio</name>
         <value>0x963e</value>
         <object_component_ref idref="oc-147"/>
      </symbol>
      <symbol id="sm-2af">
         <name>_InitEPwm2Gpio</name>
         <value>0x95cc</value>
         <object_component_ref idref="oc-147"/>
      </symbol>
      <symbol id="sm-2b1">
         <name>_InitEPwm1Gpio</name>
         <value>0x95ba</value>
         <object_component_ref idref="oc-147"/>
      </symbol>
      <symbol id="sm-2b3">
         <name>_InitEPwm6Gpio</name>
         <value>0x9618</value>
         <object_component_ref idref="oc-147"/>
      </symbol>
      <symbol id="sm-2b5">
         <name>_InitEPwmGpio</name>
         <value>0x95ad</value>
         <object_component_ref idref="oc-147"/>
      </symbol>
      <symbol id="sm-2b7">
         <name>_InitEPwm5Gpio</name>
         <value>0x9606</value>
         <object_component_ref idref="oc-147"/>
      </symbol>
      <symbol id="sm-2b9">
         <name>_InitEPwm4Gpio</name>
         <value>0x95f2</value>
         <object_component_ref idref="oc-147"/>
      </symbol>
      <symbol id="sm-2bb">
         <name>_InitEPwmSyncGpio</name>
         <value>0x962a</value>
         <object_component_ref idref="oc-147"/>
      </symbol>
      <symbol id="sm-2bd">
         <name>_InitEPwm</name>
         <value>0x95ac</value>
         <object_component_ref idref="oc-147"/>
      </symbol>
      <symbol id="sm-326">
         <name>_GpioCtrlRegs</name>
         <value>0x6f80</value>
         <object_component_ref idref="oc-d7"/>
      </symbol>
      <symbol id="sm-327">
         <name>_PieVectTable</name>
         <value>0xd00</value>
         <object_component_ref idref="oc-e6"/>
      </symbol>
      <symbol id="sm-328">
         <name>_ECap4Regs</name>
         <value>0x6a60</value>
         <object_component_ref idref="oc-c9"/>
      </symbol>
      <symbol id="sm-329">
         <name>_CsmRegs</name>
         <value>0xae0</value>
         <object_component_ref idref="oc-bd"/>
      </symbol>
      <symbol id="sm-32a">
         <name>_ECanaLAMRegs</name>
         <value>0x6040</value>
         <object_component_ref idref="oc-da"/>
      </symbol>
      <symbol id="sm-32b">
         <name>_ECanbMOTORegs</name>
         <value>0x62c0</value>
         <object_component_ref idref="oc-df"/>
      </symbol>
      <symbol id="sm-32c">
         <name>_EPwm4Regs</name>
         <value>0x68c0</value>
         <object_component_ref idref="oc-d1"/>
      </symbol>
      <symbol id="sm-32d">
         <name>_ECap5Regs</name>
         <value>0x6a80</value>
         <object_component_ref idref="oc-ca"/>
      </symbol>
      <symbol id="sm-32e">
         <name>_CpuTimer1Regs</name>
         <value>0xc08</value>
         <object_component_ref idref="oc-b7"/>
      </symbol>
      <symbol id="sm-32f">
         <name>_SysCtrlRegs</name>
         <value>0x7010</value>
         <object_component_ref idref="oc-cd"/>
      </symbol>
      <symbol id="sm-330">
         <name>_EPwm5Regs</name>
         <value>0x6900</value>
         <object_component_ref idref="oc-d2"/>
      </symbol>
      <symbol id="sm-331">
         <name>_SpiaRegs</name>
         <value>0x7040</value>
         <object_component_ref idref="oc-c1"/>
      </symbol>
      <symbol id="sm-332">
         <name>_ECanaMOTSRegs</name>
         <value>0x6080</value>
         <object_component_ref idref="oc-db"/>
      </symbol>
      <symbol id="sm-333">
         <name>_ECap6Regs</name>
         <value>0x6aa0</value>
         <object_component_ref idref="oc-cb"/>
      </symbol>
      <symbol id="sm-334">
         <name>_DmaRegs</name>
         <value>0x1000</value>
         <object_component_ref idref="oc-e3"/>
      </symbol>
      <symbol id="sm-335">
         <name>_FlashRegs</name>
         <value>0xa80</value>
         <object_component_ref idref="oc-ba"/>
      </symbol>
      <symbol id="sm-336">
         <name>_CpuTimer0Regs</name>
         <value>0xc00</value>
         <object_component_ref idref="oc-b6"/>
      </symbol>
      <symbol id="sm-337">
         <name>_DevEmuRegs</name>
         <value>0x880</value>
         <object_component_ref idref="oc-e2"/>
      </symbol>
      <symbol id="sm-338">
         <name>_McbspbRegs</name>
         <value>0x5040</value>
         <object_component_ref idref="oc-d6"/>
      </symbol>
      <symbol id="sm-339">
         <name>_EPwm6Regs</name>
         <value>0x6940</value>
         <object_component_ref idref="oc-d3"/>
      </symbol>
      <symbol id="sm-33a">
         <name>_SciaRegs</name>
         <value>0x7050</value>
         <object_component_ref idref="oc-be"/>
      </symbol>
      <symbol id="sm-33b">
         <name>_GpioDataRegs</name>
         <value>0x6fc0</value>
         <object_component_ref idref="oc-cc"/>
      </symbol>
      <symbol id="sm-33c">
         <name>_CsmPwl</name>
         <value>0x33fff8</value>
         <object_component_ref idref="oc-b9"/>
      </symbol>
      <symbol id="sm-33d">
         <name>_AdcRegs</name>
         <value>0x7100</value>
         <object_component_ref idref="oc-c4"/>
      </symbol>
      <symbol id="sm-33e">
         <name>_XIntruptRegs</name>
         <value>0x7070</value>
         <object_component_ref idref="oc-c2"/>
      </symbol>
      <symbol id="sm-33f">
         <name>_CpuTimer2Regs</name>
         <value>0xc10</value>
         <object_component_ref idref="oc-b8"/>
      </symbol>
      <symbol id="sm-340">
         <name>_PieCtrlRegs</name>
         <value>0xce0</value>
         <object_component_ref idref="oc-c3"/>
      </symbol>
      <symbol id="sm-341">
         <name>_ECanbMOTSRegs</name>
         <value>0x6280</value>
         <object_component_ref idref="oc-de"/>
      </symbol>
      <symbol id="sm-342">
         <name>_ECanaRegs</name>
         <value>0x6000</value>
         <object_component_ref idref="oc-d8"/>
      </symbol>
      <symbol id="sm-343">
         <name>_AdcMirror</name>
         <value>0xb00</value>
         <object_component_ref idref="oc-bc"/>
      </symbol>
      <symbol id="sm-344">
         <name>_ECanbMboxes</name>
         <value>0x6300</value>
         <object_component_ref idref="oc-e5"/>
      </symbol>
      <symbol id="sm-345">
         <name>_XintfRegs</name>
         <value>0xb20</value>
         <object_component_ref idref="oc-c5"/>
      </symbol>
      <symbol id="sm-346">
         <name>_ScicRegs</name>
         <value>0x7770</value>
         <object_component_ref idref="oc-c0"/>
      </symbol>
      <symbol id="sm-347">
         <name>_ECap1Regs</name>
         <value>0x6a00</value>
         <object_component_ref idref="oc-c6"/>
      </symbol>
      <symbol id="sm-348">
         <name>_EQep1Regs</name>
         <value>0x6b00</value>
         <object_component_ref idref="oc-e0"/>
      </symbol>
      <symbol id="sm-349">
         <name>_McbspaRegs</name>
         <value>0x5000</value>
         <object_component_ref idref="oc-d5"/>
      </symbol>
      <symbol id="sm-34a">
         <name>_EPwm1Regs</name>
         <value>0x6800</value>
         <object_component_ref idref="oc-ce"/>
      </symbol>
      <symbol id="sm-34b">
         <name>_ECanbRegs</name>
         <value>0x6200</value>
         <object_component_ref idref="oc-d9"/>
      </symbol>
      <symbol id="sm-34c">
         <name>_ScibRegs</name>
         <value>0x7750</value>
         <object_component_ref idref="oc-bf"/>
      </symbol>
      <symbol id="sm-34d">
         <name>_ECap2Regs</name>
         <value>0x6a20</value>
         <object_component_ref idref="oc-c7"/>
      </symbol>
      <symbol id="sm-34e">
         <name>_GpioIntRegs</name>
         <value>0x6fe0</value>
         <object_component_ref idref="oc-bb"/>
      </symbol>
      <symbol id="sm-34f">
         <name>_EQep2Regs</name>
         <value>0x6b40</value>
         <object_component_ref idref="oc-e1"/>
      </symbol>
      <symbol id="sm-350">
         <name>_EPwm2Regs</name>
         <value>0x6840</value>
         <object_component_ref idref="oc-cf"/>
      </symbol>
      <symbol id="sm-351">
         <name>_ECanaMboxes</name>
         <value>0x6100</value>
         <object_component_ref idref="oc-e4"/>
      </symbol>
      <symbol id="sm-352">
         <name>_ECap3Regs</name>
         <value>0x6a40</value>
         <object_component_ref idref="oc-c8"/>
      </symbol>
      <symbol id="sm-353">
         <name>_ECanaMOTORegs</name>
         <value>0x60c0</value>
         <object_component_ref idref="oc-dc"/>
      </symbol>
      <symbol id="sm-354">
         <name>_EPwm3Regs</name>
         <value>0x6880</value>
         <object_component_ref idref="oc-d0"/>
      </symbol>
      <symbol id="sm-355">
         <name>_ECanbLAMRegs</name>
         <value>0x6240</value>
         <object_component_ref idref="oc-dd"/>
      </symbol>
      <symbol id="sm-356">
         <name>_I2caRegs</name>
         <value>0x7900</value>
         <object_component_ref idref="oc-d4"/>
      </symbol>
      <symbol id="sm-362">
         <name>_InitGpio</name>
         <value>0x980a</value>
         <object_component_ref idref="oc-146"/>
      </symbol>
      <symbol id="sm-36f">
         <name>_InitPieCtrl</name>
         <value>0x9759</value>
         <object_component_ref idref="oc-148"/>
      </symbol>
      <symbol id="sm-371">
         <name>_EnableInterrupts</name>
         <value>0x9778</value>
         <object_component_ref idref="oc-148"/>
      </symbol>
      <symbol id="sm-382">
         <name>_PieVectTableInit</name>
         <value>0xd000</value>
         <object_component_ref idref="oc-14e"/>
      </symbol>
      <symbol id="sm-383">
         <name>_InitPieVectTable</name>
         <value>0x97cd</value>
         <object_component_ref idref="oc-149"/>
      </symbol>
      <symbol id="sm-3ab">
         <name>_InitPll</name>
         <value>0x933e</value>
         <object_component_ref idref="oc-145"/>
      </symbol>
      <symbol id="sm-3ad">
         <name>_DisableDog</name>
         <value>0x9336</value>
         <object_component_ref idref="oc-145"/>
      </symbol>
      <symbol id="sm-3af">
         <name>_InitPeripheralClocks</name>
         <value>0x938e</value>
         <object_component_ref idref="oc-145"/>
      </symbol>
      <symbol id="sm-3b1">
         <name>_CsmUnlock</name>
         <value>0x93e9</value>
         <object_component_ref idref="oc-145"/>
      </symbol>
      <symbol id="sm-3b3">
         <name>_ServiceDog</name>
         <value>0x932c</value>
         <object_component_ref idref="oc-145"/>
      </symbol>
      <symbol id="sm-3b5">
         <name>_InitSysCtrl</name>
         <value>0x9323</value>
         <object_component_ref idref="oc-145"/>
      </symbol>
      <symbol id="sm-3c2">
         <name>_DSP28x_usDelay</name>
         <value>0x804e</value>
         <object_component_ref idref="oc-106"/>
      </symbol>
      <symbol id="sm-3dd">
         <name>_c_int00</name>
         <value>0x9656</value>
         <object_component_ref idref="oc-4b"/>
      </symbol>
      <symbol id="sm-3de">
         <name>__stack</name>
         <value>0x400</value>
         <object_component_ref idref="oc-10b"/>
      </symbol>
      <symbol id="sm-3ea">
         <name>U$$MOD</name>
         <value>0x9866</value>
         <object_component_ref idref="oc-111"/>
      </symbol>
      <symbol id="sm-3eb">
         <name>U$$DIV</name>
         <value>0x9861</value>
         <object_component_ref idref="oc-111"/>
      </symbol>
      <symbol id="sm-3fa">
         <name>_copy_in</name>
         <value>0x97a9</value>
         <object_component_ref idref="oc-13c"/>
      </symbol>
      <symbol id="sm-40c">
         <name>_memcpy</name>
         <value>0x97ed</value>
         <object_component_ref idref="oc-141"/>
      </symbol>
      <symbol id="sm-419">
         <name>__system_pre_init</name>
         <value>0x987d</value>
         <object_component_ref idref="oc-13b"/>
      </symbol>
      <symbol id="sm-427">
         <name>__system_post_cinit</name>
         <value>0x987f</value>
         <object_component_ref idref="oc-13d"/>
      </symbol>
      <symbol id="sm-43c">
         <name>C$$EXIT</name>
         <value>0x9730</value>
         <object_component_ref idref="oc-13f"/>
      </symbol>
      <symbol id="sm-43d">
         <name>_exit</name>
         <value>0x9732</value>
         <object_component_ref idref="oc-13f"/>
      </symbol>
      <symbol id="sm-43f">
         <name>___TI_cleanup_ptr</name>
         <value>0xc042</value>
         <object_component_ref idref="oc-12c"/>
      </symbol>
      <symbol id="sm-440">
         <name>___TI_enable_exit_profile_output</name>
         <value>0xc040</value>
         <object_component_ref idref="oc-12c"/>
      </symbol>
      <symbol id="sm-441">
         <name>_abort</name>
         <value>0x9730</value>
         <object_component_ref idref="oc-13f"/>
      </symbol>
      <symbol id="sm-443">
         <name>___TI_dtors_ptr</name>
         <value>0xc044</value>
         <object_component_ref idref="oc-12c"/>
      </symbol>
      <symbol id="sm-457">
         <name>__unlock</name>
         <value>0xc04e</value>
         <object_component_ref idref="oc-150"/>
      </symbol>
      <symbol id="sm-458">
         <name>__lock</name>
         <value>0xc04c</value>
         <object_component_ref idref="oc-143"/>
      </symbol>
      <symbol id="sm-459">
         <name>__register_lock</name>
         <value>0x9870</value>
         <object_component_ref idref="oc-14c"/>
      </symbol>
      <symbol id="sm-45b">
         <name>__nop</name>
         <value>0x9874</value>
         <object_component_ref idref="oc-14c"/>
      </symbol>
      <symbol id="sm-45d">
         <name>__register_unlock</name>
         <value>0x986c</value>
         <object_component_ref idref="oc-14c"/>
      </symbol>
      <symbol id="sm-46d">
         <name>__args_main</name>
         <value>0x984f</value>
         <object_component_ref idref="oc-13e"/>
      </symbol>
   </symbol_table>
   <title>Link successful</title>
</link_info>
